Component: ARM Compiler 5.06 update 6 (build 750) Tool: armlink [4d35ed]

==============================================================================

Section Cross References

    no_system_main.o(i.main) refers to misc.o(i.NVIC_PriorityGroupConfig) for NVIC_PriorityGroupConfig
    no_system_main.o(i.main) refers to usart1.o(i.USART1_Init) for USART1_Init
    no_system_main.o(i.main) refers to usart2.o(i.USART2_Init) for USART2_Init
    no_system_main.o(i.main) refers to usart3.o(i.USART3_Init) for USART3_Init
    no_system_main.o(i.main) refers to usart1.o(i.USART1_printf) for USART1_printf
    no_system_main.o(i.main) refers to usart2.o(i.USART2_printf) for USART2_printf
    no_system_main.o(i.main) refers to usart3.o(i.USART3_printf) for USART3_printf
    no_system_main.o(i.main) refers to usart1.o(i.USART1_IRQHandler_Callback_Default) for USART1_IRQHandler_Callback_Default
    no_system_main.o(i.main) refers to usart2.o(i.USART2_IRQHandler_Callback_Default) for USART2_IRQHandler_Callback_Default
    no_system_main.o(i.main) refers to usart3.o(i.USART3_IRQHandler_Callback_Default) for USART3_IRQHandler_Callback_Default
    no_system_main.o(i.main) refers to usart1.o(.data) for USART1_RX_STA
    no_system_main.o(i.main) refers to usart2.o(.data) for USART2_RX_STA
    no_system_main.o(i.main) refers to usart3.o(.data) for USART3_RX_STA
    no_system_main.o(i.main) refers to usart1.o(.bss) for USART1_RX_BUF
    no_system_main.o(i.main) refers to usart2.o(.bss) for USART2_RX_BUF
    no_system_main.o(i.main) refers to usart3.o(.bss) for USART3_RX_BUF
    stm32f10x_it.o(i.CAN1_RX1_IRQHandler) refers to stm32f10x_it.o(.data) for .data
    stm32f10x_it.o(i.DMA1_Channel1_IRQHandler) refers to stm32f10x_it.o(.data) for .data
    stm32f10x_it.o(i.EXTI0_IRQHandler) refers to stm32f10x_it.o(.data) for .data
    stm32f10x_it.o(i.EXTI15_10_IRQHandler) refers to stm32f10x_it.o(.data) for .data
    stm32f10x_it.o(i.EXTI1_IRQHandler) refers to stm32f10x_it.o(.data) for .data
    stm32f10x_it.o(i.EXTI2_IRQHandler) refers to stm32f10x_it.o(.data) for .data
    stm32f10x_it.o(i.EXTI3_IRQHandler) refers to stm32f10x_it.o(.data) for .data
    stm32f10x_it.o(i.EXTI4_IRQHandler) refers to stm32f10x_it.o(.data) for .data
    stm32f10x_it.o(i.EXTI9_5_IRQHandler) refers to stm32f10x_it.o(.data) for .data
    stm32f10x_it.o(i.PVD_IRQHandler) refers to stm32f10x_it.o(.data) for .data
    stm32f10x_it.o(i.TIM1_UP_IRQHandler) refers to stm32f10x_it.o(.data) for .data
    stm32f10x_it.o(i.TIM2_IRQHandler) refers to stm32f10x_it.o(.data) for .data
    stm32f10x_it.o(i.TIM3_IRQHandler) refers to stm32f10x_it.o(.data) for .data
    stm32f10x_it.o(i.TIM4_IRQHandler) refers to stm32f10x_it.o(.data) for .data
    stm32f10x_it.o(i.USART1_IRQHandler) refers to stm32f10x_it.o(.data) for .data
    stm32f10x_it.o(i.USART2_IRQHandler) refers to stm32f10x_it.o(.data) for .data
    stm32f10x_it.o(i.USART3_IRQHandler) refers to stm32f10x_it.o(.data) for .data
    stm32f10x_it.o(i.USB_LP_CAN1_RX0_IRQHandler) refers to stm32f10x_it.o(.data) for .data
    sys.o(.emb_text) refers (Special) to use_no_semi_2.o(.text) for __use_no_semihosting
    sys.o(i.INTX_DISABLE) refers (Special) to use_no_semi_2.o(.text) for __use_no_semihosting
    sys.o(i.INTX_ENABLE) refers (Special) to use_no_semi_2.o(.text) for __use_no_semihosting
    sys.o(i.WFE_SET) refers (Special) to use_no_semi_2.o(.text) for __use_no_semihosting
    sys.o(i.WFI_SET) refers (Special) to use_no_semi_2.o(.text) for __use_no_semihosting
    sys.o(i._sys_exit) refers (Special) to use_no_semi_2.o(.text) for __use_no_semihosting
    sys.o(i.fputc) refers (Special) to use_no_semi_2.o(.text) for __use_no_semihosting
    sys.o(.data) refers (Special) to use_no_semi_2.o(.text) for __use_no_semihosting
    usart1.o(i.DMA1_Channel4_IRQHandler) refers to stm32f10x_dma.o(i.DMA_GetITStatus) for DMA_GetITStatus
    usart1.o(i.DMA1_Channel4_IRQHandler) refers to stm32f10x_dma.o(i.DMA_ClearFlag) for DMA_ClearFlag
    usart1.o(i.DMA1_Channel4_IRQHandler) refers to stm32f10x_dma.o(i.DMA_Cmd) for DMA_Cmd
    usart1.o(i.DMA1_Channel4_IRQHandler) refers to usart1.o(.data) for .data
    usart1.o(i.DMA1_Channel5_IRQHandler) refers to stm32f10x_dma.o(i.DMA_GetITStatus) for DMA_GetITStatus
    usart1.o(i.DMA1_Channel5_IRQHandler) refers to stm32f10x_dma.o(i.DMA_ClearFlag) for DMA_ClearFlag
    usart1.o(i.DMA1_Channel5_IRQHandler) refers to stm32f10x_dma.o(i.DMA_Cmd) for DMA_Cmd
    usart1.o(i.DMA1_Channel5_IRQHandler) refers to usart1.o(i.USART1_DMA_CLR_BUFF) for USART1_DMA_CLR_BUFF
    usart1.o(i.DMA1_Channel5_IRQHandler) refers to usart1.o(.data) for .data
    usart1.o(i.DMA1_Channel5_IRQHandler) refers to usart1.o(.bss) for .bss
    usart1.o(i.DMA_USART1_Init) refers to stm32f10x_rcc.o(i.RCC_AHBPeriphClockCmd) for RCC_AHBPeriphClockCmd
    usart1.o(i.DMA_USART1_Init) refers to misc.o(i.NVIC_Init) for NVIC_Init
    usart1.o(i.DMA_USART1_Init) refers to stm32f10x_dma.o(i.DMA_Cmd) for DMA_Cmd
[...]
    .ARM.Collect$$_printf_percent$$00000005  0x08000178   Section        6  _printf_g.o(.ARM.Collect$$_printf_percent$$00000005)
    .ARM.Collect$$_printf_percent$$00000006  0x0800017e   Section        6  _printf_a.o(.ARM.Collect$$_printf_percent$$00000006)
    .ARM.Collect$$_printf_percent$$00000007  0x08000184   Section       10  _printf_ll.o(.ARM.Collect$$_printf_percent$$00000007)
    .ARM.Collect$$_printf_percent$$00000008  0x0800018e   Section        6  _printf_i.o(.ARM.Collect$$_printf_percent$$00000008)
    .ARM.Collect$$_printf_percent$$00000009  0x08000194   Section        6  _printf_d.o(.ARM.Collect$$_printf_percent$$00000009)
    .ARM.Collect$$_printf_percent$$0000000A  0x0800019a   Section        6  _printf_u.o(.ARM.Collect$$_printf_percent$$0000000A)
    .ARM.Collect$$_printf_percent$$0000000B  0x080001a0   Section        6  _printf_o.o(.ARM.Collect$$_printf_percent$$0000000B)
    .ARM.Collect$$_printf_percent$$0000000C  0x080001a6   Section        6  _printf_x.o(.ARM.Collect$$_printf_percent$$0000000C)
    .ARM.Collect$$_printf_percent$$0000000D  0x080001ac   Section        6  _printf_lli.o(.ARM.Collect$$_printf_percent$$0000000D)
    .ARM.Collect$$_printf_percent$$0000000E  0x080001b2   Section        6  _printf_lld.o(.ARM.Collect$$_printf_percent$$0000000E)
    .ARM.Collect$$_printf_percent$$0000000F  0x080001b8   Section        6  _printf_llu.o(.ARM.Collect$$_printf_percent$$0000000F)
    .ARM.Collect$$_printf_percent$$00000010  0x080001be   Section        6  _printf_llo.o(.ARM.Collect$$_printf_percent$$00000010)
    .ARM.Collect$$_printf_percent$$00000011  0x080001c4   Section        6  _printf_llx.o(.ARM.Collect$$_printf_percent$$00000011)
    .ARM.Collect$$_printf_percent$$00000012  0x080001ca   Section       10  _printf_l.o(.ARM.Collect$$_printf_percent$$00000012)
    .ARM.Collect$$_printf_percent$$00000013  0x080001d4   Section        6  _printf_c.o(.ARM.Collect$$_printf_percent$$00000013)
    .ARM.Collect$$_printf_percent$$00000014  0x080001da   Section        6  _printf_s.o(.ARM.Collect$$_printf_percent$$00000014)
    .ARM.Collect$$_printf_percent$$00000015  0x080001e0   Section        6  _printf_lc.o(.ARM.Collect$$_printf_percent$$00000015)
    .ARM.Collect$$_printf_percent$$00000016  0x080001e6   Section        6  _printf_ls.o(.ARM.Collect$$_printf_percent$$00000016)
    .ARM.Collect$$_printf_percent$$00000017  0x080001ec   Section        4  _printf_percent_end.o(.ARM.Collect$$_printf_percent$$00000017)
    .ARM.Collect$$libinit$$00000000          0x080001f0   Section        2  libinit.o(.ARM.Collect$$libinit$$00000000)
    .ARM.Collect$$libinit$$00000002          0x080001f2   Section        0  libinit2.o(.ARM.Collect$$libinit$$00000002)
    .ARM.Collect$$libinit$$00000004          0x080001f2   Section        0  libinit2.o(.ARM.Collect$$libinit$$00000004)
    .ARM.Collect$$libinit$$0000000A          0x080001f2   Section        0  libinit2.o(.ARM.Collect$$libinit$$0000000A)
    .ARM.Collect$$libinit$$0000000C          0x080001f2   Section        0  libinit2.o(.ARM.Collect$$libinit$$0000000C)
    .ARM.Collect$$libinit$$0000000E          0x080001f2   Section        0  libinit2.o(.ARM.Collect$$libinit$$0000000E)
    .ARM.Collect$$libinit$$0000000F          0x080001f2   Section        6  libinit2.o(.ARM.Collect$$libinit$$0000000F)
    .ARM.Collect$$libinit$$00000011          0x080001f8   Section        0  libinit2.o(.ARM.Collect$$libinit$$00000011)
    .ARM.Collect$$libinit$$00000012          0x080001f8   Section       12  libinit2.o(.ARM.Collect$$libinit$$00000012)
    .ARM.Collect$$libinit$$00000013          0x08000204   Section        0  libinit2.o(.ARM.Collect$$libinit$$00000013)
    .ARM.Collect$$libinit$$00000015          0x08000204   Section        0  libinit2.o(.ARM.Collect$$libinit$$00000015)
    .ARM.Collect$$libinit$$00000016          0x08000204   Section       10  libinit2.o(.ARM.Collect$$libinit$$00000016)
    .ARM.Collect$$libinit$$00000017          0x0800020e   Section        0  libinit2.o(.ARM.Collect$$libinit$$00000017)
    .ARM.Collect$$libinit$$00000019          0x0800020e   Section        0  libinit2.o(.ARM.Collect$$libinit$$00000019)
    .ARM.Collect$$libinit$$0000001B          0x0800020e   Section        0  libinit2.o(.ARM.Collect$$libinit$$0000001B)
    .ARM.Collect$$libinit$$0000001D          0x0800020e   Section        0  libinit2.o(.ARM.Collect$$libinit$$0000001D)
    .ARM.Collect$$libinit$$0000001F          0x0800020e   Section        0  libinit2.o(.ARM.Collect$$libinit$$0000001F)
    .ARM.Collect$$libinit$$00000021          0x0800020e   Section        0  libinit2.o(.ARM.Collect$$libinit$$00000021)
    .ARM.Collect$$libinit$$00000023          0x0800020e   Section        0  libinit2.o(.ARM.Collect$$libinit$$00000023)
    .ARM.Collect$$libinit$$00000025          0x0800020e   Section        0  libinit2.o(.ARM.Collect$$libinit$$00000025)
    .ARM.Collect$$libinit$$0000002C          0x0800020e   Section        0  libinit2.o(.ARM.Collect$$libinit$$0000002C)
    .ARM.Collect$$libinit$$0000002E          0x0800020e   Section        0  libinit2.o(.ARM.Collect$$libinit$$0000002E)
    .ARM.Collect$$libinit$$00000030          0x0800020e   Section        0  libinit2.o(.ARM.Collect$$libinit$$00000030)
    .ARM.Collect$$libinit$$00000032          0x0800020e   Section        0  libinit2.o(.ARM.Collect$$libinit$$00000032)
    .ARM.Collect$$libinit$$00000033          0x0800020e   Section        2  libinit2.o(.ARM.Collect$$libinit$$00000033)
    .ARM.Collect$$libshutdown$$00000000      0x08000210   Section        2  libshutdown.o(.ARM.Collect$$libshutdown$$00000000)
    .ARM.Collect$$libshutdown$$00000002      0x08000212   Section        0  libshutdown2.o(.ARM.Collect$$libshutdown$$00000002)
    .ARM.Collect$$libshutdown$$00000004      0x08000212   Section        0  libshutdown2.o(.ARM.Collect$$libshutdown$$00000004)
    .ARM.Collect$$libshutdown$$00000007      0x08000212   Section        0  libshutdown2.o(.ARM.Collect$$libshutdown$$00000007)
    .ARM.Collect$$libshutdown$$0000000A      0x08000212   Section        0  libshutdown2.o(.ARM.Collect$$libshutdown$$0000000A)
    .ARM.Collect$$libshutdown$$0000000C      0x08000212   Section        0  libshutdown2.o(.ARM.Collect$$libshutdown$$0000000C)
    .ARM.Collect$$libshutdown$$0000000F      0x08000212   Section        0  libshutdown2.o(.ARM.Collect$$libshutdown$$0000000F)
    .ARM.Collect$$libshutdown$$00000010      0x08000212   Section        2  libshutdown2.o(.ARM.Collect$$libshutdown$$00000010)
    .ARM.Collect$$rtentry$$00000000          0x08000214   Section        0  __rtentry.o(.ARM.Collect$$rtentry$$00000000)
    .ARM.Collect$$rtentry$$00000002          0x08000214   Section        0  __rtentry2.o(.ARM.Collect$$rtentry$$00000002)
    .ARM.Collect$$rtentry$$00000004          0x08000214   Section        6  __rtentry4.o(.ARM.Collect$$rtentry$$00000004)
    .ARM.Collect$$rtentry$$00000009          0x0800021a   Section        0  __rtentry2.o(.ARM.Collect$$rtentry$$00000009)
    .ARM.Collect$$rtentry$$0000000A          0x0800021a   Section        4  __rtentry2.o(.ARM.Collect$$rtentry$$0000000A)
    .ARM.Collect$$rtentry$$0000000C          0x0800021e   Section        0  __rtentry2.o(.ARM.Collect$$rtentry$$0000000C)
    .ARM.Collect$$rtentry$$0000000D          0x0800021e   Section        8  __rtentry2.o(.ARM.Collect$$rtentry$$0000000D)
    .ARM.Collect$$rtexit$$00000000           0x08000226   Section        2  rtexit.o(.ARM.Collect$$rtexit$$00000000)
    .ARM.Collect$$rtexit$$00000002           0x08000228   Section        0  rtexit2.o(.ARM.Collect$$rtexit$$00000002)
    .ARM.Collect$$rtexit$$00000003           0x08000228   Section        4  rtexit2.o(.ARM.Collect$$rtexit$$00000003)
    .ARM.Collect$$rtexit$$00000004           0x0800022c   Section        6  rtexit2.o(.ARM.Collect$$rtexit$$00000004)
    .text                                    0x08000234   Section       64  startup_stm32f10x_md.o(.text)
    .text                                    0x08000274   Section        2  use_no_semi_2.o(.text)
    .text                                    0x08000278   Section        0  vsnprintf.o(.text)
    .text                                    0x080002ac   Section        0  strlen.o(.text)
    .text                                    0x080002ea   Section        0  heapauxi.o(.text)
    .text                                    0x080002f0   Section        2  use_no_semi.o(.text)
    .text                                    0x080002f2   Section        0  _printf_pad.o(.text)
    .text                                    0x08000340   Section        0  _printf_truncate.o(.text)
    .text                                    0x08000364   Section        0  _printf_str.o(.text)
    .text                                    0x080003b8   Section        0  _printf_dec.o(.text)
    .text                                    0x08000430   Section        0  _printf_charcount.o(.text)
    .text                                    0x08000458   Section        0  _printf_char_common.o(.text)
    _printf_input_char                       0x08000459   Thumb Code    10  _printf_char_common.o(.text)
    .text                                    0x08000488   Section        0  _sputc.o(.text)
    .text                                    0x08000492   Section        0  _snputc.o(.text)
    .text                                    0x080004a4   Section        0  _printf_wctomb.o(.text)
    .text                                    0x08000560   Section        0  _printf_longlong_dec.o(.text)
    .text                                    0x080005dc   Section        0  _printf_oct_int_ll.o(.text)
    _printf_longlong_oct_internal            0x080005dd   Thumb Code     0  _printf_oct_int_ll.o(.text)
    .text                                    0x0800064c   Section        0  _printf_hex_int_ll_ptr.o(.text)
    _printf_hex_common                       0x0800064d   Thumb Code     0  _printf_hex_int_ll_ptr.o(.text)
    .text                                    0x080006e0   Section        0  __printf_flags_ss_wp.o(.text)
    .text                                    0x08000868   Section      138  lludiv10.o(.text)
    .text                                    0x080008f2   Section        0  _printf_intcommon.o(.text)
    .text                                    0x080009a4   Section        0  _printf_fp_dec.o(.text)
    _fp_digits                               0x080009a7   Thumb Code   432  _printf_fp_dec.o(.text)
    .text                                    0x08000dc4   Section        0  _printf_fp_hex.o(.text)
    .text                                    0x080010c0   Section        0  _printf_char.o(.text)
    .text                                    0x080010ec   Section        0  _printf_wchar.o(.text)
    .text                                    0x08001118   Section        0  _wcrtomb.o(.text)
    .text                                    0x08001158   Section       74  sys_stackheap_outer.o(.text)
    .text                                    0x080011a4   Section       16  rt_ctype_table.o(.text)
    .text                                    0x080011b4   Section        8  rt_locale_intlibspace.o(.text)
    .text                                    0x080011bc   Section        0  _printf_fp_infnan.o(.text)
    .text                                    0x0800123c   Section        0  bigflt0.o(.text)
    .text                                    0x08001320   Section        0  exit.o(.text)
    .text                                    0x08001334   Section        8  libspace.o(.text)
    .text                                    0x0800133c   Section      128  strcmpv7m.o(.text)
    CL$$btod_d2e                             0x080013bc   Section       62  btod.o(CL$$btod_d2e)
    CL$$btod_d2e_denorm_low                  0x080013fa   Section       70  btod.o(CL$$btod_d2e_denorm_low)
    CL$$btod_d2e_norm_op1                    0x08001440   Section       96  btod.o(CL$$btod_d2e_norm_op1)
    CL$$btod_div_common                      0x080014a0   Section      824  btod.o(CL$$btod_div_common)
    CL$$btod_e2e                             0x080017d8   Section      220  btod.o(CL$$btod_e2e)
    CL$$btod_ediv                            0x080018b4   Section       42  btod.o(CL$$btod_ediv)
    CL$$btod_emul                            0x080018de   Section       42  btod.o(CL$$btod_emul)
    CL$$btod_mult_common                     0x08001908   Section      580  btod.o(CL$$btod_mult_common)
    i.BusFault_Handler                       0x08001b4c   Section        0  stm32f10x_it.o(i.BusFault_Handler)
    i.CAN1_RX1_IRQHandler                    0x08001b50   Section        0  stm32f10x_it.o(i.CAN1_RX1_IRQHandler)
    i.DMA1_Channel1_IRQHandler               0x08001b5c   Section        0  stm32f10x_it.o(i.DMA1_Channel1_IRQHandler)
    i.DMA1_Channel2_IRQHandler               0x08001b68   Section        0  usart3.o(i.DMA1_Channel2_IRQHandler)
    i.DMA1_Channel3_IRQHandler               0x08001b94   Section        0  usart3.o(i.DMA1_Channel3_IRQHandler)
    i.DMA1_Channel4_IRQHandler               0x08001bdc   Section        0  usart1.o(i.DMA1_Channel4_IRQHandler)
    i.DMA1_Channel5_IRQHandler               0x08001c08   Section        0  usart1.o(i.DMA1_Channel5_IRQHandler)
    i.DMA1_Channel6_IRQHandler               0x08001c50   Section        0  usart2.o(i.DMA1_Channel6_IRQHandler)
    i.DMA1_Channel7_IRQHandler               0x08001c98   Section        0  usart2.o(i.DMA1_Channel7_IRQHandler)
    i.DMA_ClearFlag                          0x08001cc4   Section        0  stm32f10x_dma.o(i.DMA_ClearFlag)
    i.DMA_Cmd                                0x08001cdc   Section        0  stm32f10x_dma.o(i.DMA_Cmd)
    i.DMA_DeInit                             0x08001cf4   Section        0  stm32f10x_dma.o(i.DMA_DeInit)
    i.DMA_GetCurrDataCounter                 0x08001dd8   Section        0  stm32f10x_dma.o(i.DMA_GetCurrDataCounter)
    i.DMA_GetITStatus                        0x08001de0   Section        0  stm32f10x_dma.o(i.DMA_GetITStatus)
    i.DMA_ITConfig                           0x08001e00   Section        0  stm32f10x_dma.o(i.DMA_ITConfig)
    i.DMA_Init                               0x08001e10   Section        0  stm32f10x_dma.o(i.DMA_Init)
    i.DMA_USART1_Init                        0x08001e4c   Section        0  usart1.o(i.DMA_USART1_Init)
    i.DMA_USART1_Tx_Data                     0x08001f70   Section        0  usart1.o(i.DMA_USART1_Tx_Data)
    i.DMA_USART2_Init                        0x08001f8c   Section        0  usart2.o(i.DMA_USART2_Init)
    i.DMA_USART2_Tx_Data                     0x080020a8   Section        0  usart2.o(i.DMA_USART2_Tx_Data)
    i.DMA_USART3_Init                        0x080020c4   Section        0  usart3.o(i.DMA_USART3_Init)
    i.DMA_USART3_Tx_Data                     0x080021e0   Section        0  usart3.o(i.DMA_USART3_Tx_Data)
    i.DebugMon_Handler                       0x080021fc   Section        0  stm32f10x_it.o(i.DebugMon_Handler)
    i.EXTI0_IRQHandler                       0x08002200   Section        0  stm32f10x_it.o(i.EXTI0_IRQHandler)
    i.EXTI15_10_IRQHandler                   0x0800220c   Section        0  stm32f10x_it.o(i.EXTI15_10_IRQHandler)
    i.EXTI1_IRQHandler                       0x08002218   Section        0  stm32f10x_it.o(i.EXTI1_IRQHandler)
    i.EXTI2_IRQHandler                       0x08002224   Section        0  stm32f10x_it.o(i.EXTI2_IRQHandler)
    i.EXTI3_IRQHandler                       0x08002230   Section        0  stm32f10x_it.o(i.EXTI3_IRQHandler)
    i.EXTI4_IRQHandler                       0x0800223c   Section        0  stm32f10x_it.o(i.EXTI4_IRQHandler)
    i.EXTI9_5_IRQHandler                     0x08002248   Section        0  stm32f10x_it.o(i.EXTI9_5_IRQHandler)
    i.GPIO_Init                              0x08002254   Section        0  stm32f10x_gpio.o(i.GPIO_Init)
    i.HardFault_Handler                      0x080022f0   Section        0  stm32f10x_it.o(i.HardFault_Handler)
    i.MemManage_Handler                      0x080022f2   Section        0  stm32f10x_it.o(i.MemManage_Handler)
    i.NMI_Handler                            0x080022f4   Section        0  stm32f10x_it.o(i.NMI_Handler)
    i.NVIC_Init                              0x080022f8   Section        0  misc.o(i.NVIC_Init)
    i.NVIC_PriorityGroupConfig               0x0800235c   Section        0  misc.o(i.NVIC_PriorityGroupConfig)
    i.PVD_IRQHandler                         0x08002370   Section        0  stm32f10x_it.o(i.PVD_IRQHandler)
    i.PendSV_Handler                         0x0800237c   Section        0  stm32f10x_it.o(i.PendSV_Handler)
    i.RCC_AHBPeriphClockCmd                  0x08002380   Section        0  stm32f10x_rcc.o(i.RCC_AHBPeriphClockCmd)
    i.RCC_APB1PeriphClockCmd                 0x08002398   Section        0  stm32f10x_rcc.o(i.RCC_APB1PeriphClockCmd)
    i.RCC_APB2PeriphClockCmd                 0x080023b0   Section        0  stm32f10x_rcc.o(i.RCC_APB2PeriphClockCmd)
    i.RCC_GetClocksFreq                      0x080023c8   Section        0  stm32f10x_rcc.o(i.RCC_GetClocksFreq)
    i.SVC_Handler                            0x0800245c   Section        0  stm32f10x_it.o(i.SVC_Handler)
    i.SetSysClockTo72                        0x08002460   Section        0  system_stm32f10x.o(i.SetSysClockTo72)
    SetSysClockTo72                          0x08002461   Thumb Code   160  system_stm32f10x.o(i.SetSysClockTo72)
    i.SystemInit                             0x08002508   Section        0  system_stm32f10x.o(i.SystemInit)
    i.TIM1_UP_IRQHandler                     0x08002558   Section        0  stm32f10x_it.o(i.TIM1_UP_IRQHandler)
    i.TIM2_IRQHandler                        0x08002564   Section        0  stm32f10x_it.o(i.TIM2_IRQHandler)
    i.TIM3_IRQHandler                        0x08002570   Section        0  stm32f10x_it.o(i.TIM3_IRQHandler)
    i.TIM4_IRQHandler                        0x0800257c   Section        0  stm32f10x_it.o(i.TIM4_IRQHandler)
    i.USART1_DMA_CLR_BUFF                    0x08002588   Section        0  usart1.o(i.USART1_DMA_CLR_BUFF)
    i.USART1_IRQHandler                      0x08002598   Section        0  stm32f10x_it.o(i.USART1_IRQHandler)
    i.USART1_IRQHandler_Callback_Default     0x080025a4   Section        0  usart1.o(i.USART1_IRQHandler_Callback_Default)
    i.USART1_Init                            0x08002624   Section        0  usart1.o(i.USART1_Init)
    i.USART1_printf                          0x08002720   Section        0  usart1.o(i.USART1_printf)
    i.USART2_DMA_CLR_BUFF                    0x08002758   Section        0  usart2.o(i.USART2_DMA_CLR_BUFF)
    i.USART2_IRQHandler                      0x08002768   Section        0  stm32f10x_it.o(i.USART2_IRQHandler)
    i.USART2_IRQHandler_Callback_Default     0x08002774   Section        0  usart2.o(i.USART2_IRQHandler_Callback_Default)
    i.USART2_Init                            0x080027f4   Section        0  usart2.o(i.USART2_Init)
    i.USART2_printf                          0x080028f0   Section        0  usart2.o(i.USART2_printf)
    i.USART3_DMA_CLR_BUFF                    0x08002924   Section        0  usart3.o(i.USART3_DMA_CLR_BUFF)
    i.USART3_IRQHandler                      0x08002934   Section        0  stm32f10x_it.o(i.USART3_IRQHandler)
    i.USART3_IRQHandler_Callback_Default     0x08002940   Section        0  usart3.o(i.USART3_IRQHandler_Callback_Default)
    i.USART3_Init                            0x080029c0   Section        0  usart3.o(i.USART3_Init)
    i.USART3_printf                          0x08002abc   Section        0  usart3.o(i.USART3_printf)
    i.USART_ClearFlag                        0x08002af0   Section        0  stm32f10x_usart.o(i.USART_ClearFlag)
    i.USART_Cmd                              0x08002af6   Section        0  stm32f10x_usart.o(i.USART_Cmd)
    i.USART_DMACmd                           0x08002b0a   Section        0  stm32f10x_usart.o(i.USART_DMACmd)
    i.USART_GetFlagStatus                    0x08002b1a   Section        0  stm32f10x_usart.o(i.USART_GetFlagStatus)
    i.USART_GetITStatus                      0x08002b28   Section        0  stm32f10x_usart.o(i.USART_GetITStatus)
    i.USART_ITConfig                         0x08002b66   Section        0  stm32f10x_usart.o(i.USART_ITConfig)
    i.USART_Init                             0x08002b98   Section        0  stm32f10x_usart.o(i.USART_Init)
    i.USART_ReceiveData                      0x08002c44   Section        0  stm32f10x_usart.o(i.USART_ReceiveData)
    i.USB_LP_CAN1_RX0_IRQHandler             0x08002c4c   Section        0  stm32f10x_it.o(i.USB_LP_CAN1_RX0_IRQHandler)
    i.UsageFault_Handler                     0x08002c58   Section        0  stm32f10x_it.o(i.UsageFault_Handler)
    i.__ARM_fpclassify                       0x08002c5a   Section        0  fpclassify.o(i.__ARM_fpclassify)
    i._is_digit                              0x08002c82   Section        0  __printf_wp.o(i._is_digit)
    i._sys_exit                              0x08002c90   Section        0  sys.o(i._sys_exit)
    i.main                                   0x08002c94   Section        0  no_system_main.o(i.main)
    locale$$code                             0x08002d54   Section       44  lc_numeric_c.o(locale$$code)
    locale$$code                             0x08002d80   Section       44  lc_ctype_c.o(locale$$code)
    x$fpl$printf1                            0x08002dac   Section        4  printf1.o(x$fpl$printf1)
    x$fpl$printf2                            0x08002db0   Section        4  printf2.o(x$fpl$printf2)
    .constdata                               0x08002db4   Section        8  _printf_wctomb.o(.constdata)
    x$fpl$usenofp                            0x08002db4   Section        0  usenofp.o(x$fpl$usenofp)
    initial_mbstate                          0x08002db4   Data           8  _printf_wctomb.o(.constdata)
    .constdata                               0x08002dbc   Section       40  _printf_hex_int_ll_ptr.o(.constdata)
    uc_hextab                                0x08002dbc   Data          20  _printf_hex_int_ll_ptr.o(.constdata)
    lc_hextab                                0x08002dd0   Data          20  _printf_hex_int_ll_ptr.o(.constdata)
    .constdata                               0x08002de4   Section       17  __printf_flags_ss_wp.o(.constdata)
    maptable                                 0x08002de4   Data          17  __printf_flags_ss_wp.o(.constdata)
    .constdata                               0x08002df5   Section       38  _printf_fp_hex.o(.constdata)
    lc_hextab                                0x08002df5   Data          19  _printf_fp_hex.o(.constdata)
    uc_hextab                                0x08002e08   Data          19  _printf_fp_hex.o(.constdata)
    .constdata                               0x08002e1c   Section      148  bigflt0.o(.constdata)
    tenpwrs_x                                0x08002e1c   Data          60  bigflt0.o(.constdata)
    tenpwrs_i                                0x08002e58   Data          64  bigflt0.o(.constdata)
    locale$$data                             0x08002ed0   Section       28  lc_numeric_c.o(locale$$data)
    __lcnum_c_name                           0x08002ed4   Data           2  lc_numeric_c.o(locale$$data)
    __lcnum_c_start                          0x08002edc   Data           0  lc_numeric_c.o(locale$$data)
    __lcnum_c_point                          0x08002ee8   Data           0  lc_numeric_c.o(locale$$data)
    __lcnum_c_thousands                      0x08002eea   Data           0  lc_numeric_c.o(locale$$data)
    __lcnum_c_grouping                       0x08002eeb   Data           0  lc_numeric_c.o(locale$$data)
    locale$$data                             0x08002eec   Section      272  lc_ctype_c.o(locale$$data)
    __lcnum_c_end                            0x08002eec   Data           0  lc_numeric_c.o(locale$$data)
    __lcctype_c_name                         0x08002ef0   Data           2  lc_ctype_c.o(locale$$data)
    __lcctype_c_start                        0x08002ef8   Data           0  lc_ctype_c.o(locale$$data)
    __lcctype_c_end                          0x08002ffc   Data           0  lc_ctype_c.o(locale$$data)
    .data                                    0x20000000   Section       68  stm32f10x_it.o(.data)
    .data                                    0x20000044   Section       53  usart1.o(.data)
    .data                                    0x2000007a   Section       53  usart2.o(.data)
    .data                                    0x200000b0   Section       53  usart3.o(.data)
    .data                                    0x200000e5   Section       20  stm32f10x_rcc.o(.data)
    ADCPrescTable                            0x200000e5   Data           4  stm32f10x_rcc.o(.data)
    APBAHBPrescTable                         0x200000e9   Data          16  stm32f10x_rcc.o(.data)
    .bss                                     0x200000fc   Section      744  usart1.o(.bss)
    .bss                                     0x200003e4   Section      244  usart2.o(.bss)
    .bss                                     0x200004d8   Section      244  usart3.o(.bss)
    .bss                                     0x200005cc   Section       96  libspace.o(.bss)
    HEAP                                     0x20000630   Section      512  startup_stm32f10x_md.o(HEAP)
    Heap_Mem                                 0x20000630   Data         512  startup_stm32f10x_md.o(HEAP)
    STACK                                    0x20000830   Section     1024  startup_stm32f10x_md.o(STACK)
    Stack_Mem                                0x20000830   Data        1024  startup_stm32f10x_md.o(STACK)
    __initial_sp                             0x20000c30   Data           0  startup_stm32f10x_md.o(STACK)

    Global Symbols

    Symbol Name                              Value     Ov Type        Size  Object(Section)

    BuildAttributes$$THM_ISAv4$P$D$K$B$S$PE$A:L22UL41UL21$X:L11$S22US41US21$IEEE1$IW$USESV6$~STKCKD$USESV7$~SHL$OTIME$ROPI$IEEEJ$EBA8$UX$STANDARDLIB$REQ8$PRES8$EABIv2 0x00000000   Number         0  anon$$obj.o ABSOLUTE
    __ARM_use_no_argv                        0x00000000   Number         0  no_system_main.o ABSOLUTE
    _printf_flags                            0x00000000   Number         0  printf_stubs.o ABSOLUTE
    _printf_return_value                     0x00000000   Number         0  printf_stubs.o ABSOLUTE
    _printf_sizespec                         0x00000000   Number         0  printf_stubs.o ABSOLUTE
    _printf_widthprec                        0x00000000   Number         0  printf_stubs.o ABSOLUTE
    __ARM_exceptions_init                     - Undefined Weak Reference
    __alloca_initialize                       - Undefined Weak Reference
    __arm_preinit_                            - Undefined Weak Reference
    __cpp_initialize__aeabi_                  - Undefined Weak Reference
    __cxa_finalize                            - Undefined Weak Reference
    __sigvec_lookup                           - Undefined Weak Reference
    _atexit_init                              - Undefined Weak Reference
    _call_atexit_fns                          - Undefined Weak Reference
    _clock_init                               - Undefined Weak Reference
    _fp_trap_init                             - Undefined Weak Reference
    _fp_trap_shutdown                         - Undefined Weak Reference
    _get_lc_collate                           - Undefined Weak Reference
    _get_lc_monetary                          - Undefined Weak Reference
    _get_lc_time                              - Undefined Weak Reference
    _getenv_init                              - Undefined Weak Reference
    _handle_redirection                       - Undefined Weak Reference
    _init_alloc                               - Undefined Weak Reference
    _init_user_alloc                          - Undefined Weak Reference
    _initio                                   - Undefined Weak Reference
    _printf_mbtowc                            - Undefined Weak Reference
    _printf_wc                                - Undefined Weak Reference
    _rand_init                                - Undefined Weak Reference
    _signal_finish                            - Undefined Weak Reference
    _signal_init                              - Undefined Weak Reference
    _terminate_alloc                          - Undefined Weak Reference
    _terminate_user_alloc                     - Undefined Weak Reference
    _terminateio                              - Undefined Weak Reference
    __Vectors_Size                           0x000000ec   Number         0  startup_stm32f10x_md.o ABSOLUTE
    __Vectors                                0x08000000   Data           4  startup_stm32f10x_md.o(RESET)
    __Vectors_End                            0x080000ec   Data           0  startup_stm32f10x_md.o(RESET)
    __main                                   0x080000ed   Thumb Code     8  __main.o(!!!main)
    __scatterload                            0x080000f5   Thumb Code     0  __scatter.o(!!!scatter)
    __scatterload_rt2                        0x080000f5   Thumb Code    44  __scatter.o(!!!scatter)
    __scatterload_rt2_thumb_only             0x080000f5   Thumb Code     0  __scatter.o(!!!scatter)
    __scatterload_null                       0x08000103   Thumb Code     0  __scatter.o(!!!scatter)
    __scatterload_copy                       0x08000129   Thumb Code    26  __scatter_copy.o(!!handler_copy)
    __scatterload_zeroinit                   0x08000145   Thumb Code    28  __scatter_zi.o(!!handler_zi)
    _printf_n                                0x08000161   Thumb Code     0  _printf_n.o(.ARM.Collect$$_printf_percent$$00000001)
    _printf_percent                          0x08000161   Thumb Code     0  _printf_percent.o(.ARM.Collect$$_printf_percent$$00000000)
    _printf_p                                0x08000167   Thumb Code     0  _printf_p.o(.ARM.Collect$$_printf_percent$$00000002)
    _printf_f                                0x0800016d   Thumb Code     0  _printf_f.o(.ARM.Collect$$_printf_percent$$00000003)
    _printf_e                                0x08000173   Thumb Code     0  _printf_e.o(.ARM.Collect$$_printf_percent$$00000004)
    _printf_g                                0x08000179   Thumb Code     0  _printf_g.o(.ARM.Collect$$_printf_percent$$00000005)
    _printf_a                                0x0800017f   Thumb Code     0  _printf_a.o(.ARM.Collect$$_printf_percent$$00000006)
    _printf_ll                               0x08000185   Thumb Code     0  _printf_ll.o(.ARM.Collect$$_printf_percent$$00000007)
    _printf_i                                0x0800018f   Thumb Code     0  _printf_i.o(.ARM.Collect$$_printf_percent$$00000008)
    _printf_d                                0x08000195   Thumb Code     0  _printf_d.o(.ARM.Collect$$_printf_percent$$00000009)
    _printf_u                                0x0800019b   Thumb Code     0  _printf_u.o(.ARM.Collect$$_printf_percent$$0000000A)
    _printf_o                                0x080001a1   Thumb Code     0  _printf_o.o(.ARM.Collect$$_printf_percent$$0000000B)
    _printf_x                                0x080001a7   Thumb Code     0  _printf_x.o(.ARM.Collect$$_printf_percent$$0000000C)
    _printf_lli                              0x080001ad   Thumb Code     0  _printf_lli.o(.ARM.Collect$$_printf_percent$$0000000D)
    _printf_lld                              0x080001b3   Thumb Code     0  _printf_lld.o(.ARM.Collect$$_printf_percent$$0000000E)
    _printf_llu                              0x080001b9   Thumb Code     0  _printf_llu.o(.ARM.Collect$$_printf_percent$$0000000F)
    _printf_llo                              0x080001bf   Thumb Code     0  _printf_llo.o(.ARM.Collect$$_printf_percent$$00000010)
    _printf_llx                              0x080001c5   Thumb Code     0  _printf_llx.o(.ARM.Collect$$_printf_percent$$00000011)
    _printf_l                                0x080001cb   Thumb Code     0  _printf_l.o(.ARM.Collect$$_printf_percent$$00000012)
    _printf_c                                0x080001d5   Thumb Code     0  _printf_c.o(.ARM.Collect$$_printf_percent$$00000013)
    _printf_s                                0x080001db   Thumb Code     0  _printf_s.o(.ARM.Collect$$_printf_percent$$00000014)
    _printf_lc                               0x080001e1   Thumb Code     0  _printf_lc.o(.ARM.Collect$$_printf_percent$$00000015)
    _printf_ls                               0x080001e7   Thumb Code     0  _printf_ls.o(.ARM.Collect$$_printf_percent$$00000016)
    _printf_percent_end                      0x080001ed   Thumb Code     0  _printf_percent_end.o(.ARM.Collect$$_printf_percent$$00000017)
    __rt_lib_init                            0x080001f1   Thumb Code     0  libinit.o(.ARM.Collect$$libinit$$00000000)
    __rt_lib_init_fp_1                       0x080001f3   Thumb Code     0  libinit2.o(.ARM.Collect$$libinit$$00000002)
    __rt_lib_init_heap_1                     0x080001f3   Thumb Code     0  libinit2.o(.ARM.Collect$$libinit$$0000000A)
    __rt_lib_init_lc_common                  0x080001f3   Thumb Code     0  libinit2.o(.ARM.Collect$$libinit$$0000000F)
    __rt_lib_init_preinit_1                  0x080001f3   Thumb Code     0  libinit2.o(.ARM.Collect$$libinit$$00000004)
    __rt_lib_init_rand_1                     0x080001f3   Thumb Code     0  libinit2.o(.ARM.Collect$$libinit$$0000000E)
    __rt_lib_init_user_alloc_1               0x080001f3   Thumb Code     0  libinit2.o(.ARM.Collect$$libinit$$0000000C)
    __rt_lib_init_lc_collate_1               0x080001f9   Thumb Code     0  libinit2.o(.ARM.Collect$$libinit$$00000011)
    __rt_lib_init_lc_ctype_2                 0x080001f9   Thumb Code     0  libinit2.o(.ARM.Collect$$libinit$$00000012)
    __rt_lib_init_lc_ctype_1                 0x08000205   Thumb Code     0  libinit2.o(.ARM.Collect$$libinit$$00000013)
    __rt_lib_init_lc_monetary_1              0x08000205   Thumb Code     0  libinit2.o(.ARM.Collect$$libinit$$00000015)
    __rt_lib_init_lc_numeric_2               0x08000205   Thumb Code     0  libinit2.o(.ARM.Collect$$libinit$$00000016)
    __rt_lib_init_alloca_1                   0x0800020f   Thumb Code     0  libinit2.o(.ARM.Collect$$libinit$$0000002E)
    __rt_lib_init_argv_1                     0x0800020f   Thumb Code     0  libinit2.o(.ARM.Collect$$libinit$$0000002C)
    __rt_lib_init_atexit_1                   0x0800020f   Thumb Code     0  libinit2.o(.ARM.Collect$$libinit$$0000001B)
    __rt_lib_init_clock_1                    0x0800020f   Thumb Code     0  libinit2.o(.ARM.Collect$$libinit$$00000021)
    __rt_lib_init_cpp_1                      0x0800020f   Thumb Code     0  libinit2.o(.ARM.Collect$$libinit$$00000032)
    __rt_lib_init_exceptions_1               0x0800020f   Thumb Code     0  libinit2.o(.ARM.Collect$$libinit$$00000030)
    __rt_lib_init_fp_trap_1                  0x0800020f   Thumb Code     0  libinit2.o(.ARM.Collect$$libinit$$0000001F)
    __rt_lib_init_getenv_1                   0x0800020f   Thumb Code     0  libinit2.o(.ARM.Collect$$libinit$$00000023)
    __rt_lib_init_lc_numeric_1               0x0800020f   Thumb Code     0  libinit2.o(.ARM.Collect$$libinit$$00000017)
    __rt_lib_init_lc_time_1                  0x0800020f   Thumb Code     0  libinit2.o(.ARM.Collect$$libinit$$00000019)
    __rt_lib_init_return                     0x0800020f   Thumb Code     0  libinit2.o(.ARM.Collect$$libinit$$00000033)
    __rt_lib_init_signal_1                   0x0800020f   Thumb Code     0  libinit2.o(.ARM.Collect$$libinit$$0000001D)
    __rt_lib_init_stdio_1                    0x0800020f   Thumb Code     0  libinit2.o(.ARM.Collect$$libinit$$00000025)
    __rt_lib_shutdown                        0x08000211   Thumb Code     0  libshutdown.o(.ARM.Collect$$libshutdown$$00000000)
    __rt_lib_shutdown_cpp_1                  0x08000213   Thumb Code     0  libshutdown2.o(.ARM.Collect$$libshutdown$$00000002)
    __rt_lib_shutdown_fp_trap_1              0x08000213   Thumb Code     0  libshutdown2.o(.ARM.Collect$$libshutdown$$00000007)
    __rt_lib_shutdown_heap_1                 0x08000213   Thumb Code     0  libshutdown2.o(.ARM.Collect$$libshutdown$$0000000F)
    __rt_lib_shutdown_return                 0x08000213   Thumb Code     0  libshutdown2.o(.ARM.Collect$$libshutdown$$00000010)
    __rt_lib_shutdown_signal_1               0x08000213   Thumb Code     0  libshutdown2.o(.ARM.Collect$$libshutdown$$0000000A)
    __rt_lib_shutdown_stdio_1                0x08000213   Thumb Code     0  libshutdown2.o(.ARM.Collect$$libshutdown$$00000004)
    __rt_lib_shutdown_user_alloc_1           0x08000213   Thumb Code     0  libshutdown2.o(.ARM.Collect$$libshutdown$$0000000C)
    __rt_entry                               0x08000215   Thumb Code     0  __rtentry.o(.ARM.Collect$$rtentry$$00000000)
    __rt_entry_presh_1                       0x08000215   Thumb Code     0  __rtentry2.o(.ARM.Collect$$rtentry$$00000002)
    __rt_entry_sh                            0x08000215   Thumb Code     0  __rtentry4.o(.ARM.Collect$$rtentry$$00000004)
    __rt_entry_li                            0x0800021b   Thumb Code     0  __rtentry2.o(.ARM.Collect$$rtentry$$0000000A)
    __rt_entry_postsh_1                      0x0800021b   Thumb Code     0  __rtentry2.o(.ARM.Collect$$rtentry$$00000009)
    __rt_entry_main                          0x0800021f   Thumb Code     0  __rtentry2.o(.ARM.Collect$$rtentry$$0000000D)
    __rt_entry_postli_1                      0x0800021f   Thumb Code     0  __rtentry2.o(.ARM.Collect$$rtentry$$0000000C)
    __rt_exit                                0x08000227   Thumb Code     0  rtexit.o(.ARM.Collect$$rtexit$$00000000)
    __rt_exit_ls                             0x08000229   Thumb Code     0  rtexit2.o(.ARM.Collect$$rtexit$$00000003)
    __rt_exit_prels_1                        0x08000229   Thumb Code     0  rtexit2.o(.ARM.Collect$$rtexit$$00000002)
    __rt_exit_exit                           0x0800022d   Thumb Code     0  rtexit2.o(.ARM.Collect$$rtexit$$00000004)
    Reset_Handler                            0x08000235   Thumb Code     8  startup_stm32f10x_md.o(.text)
    SysTick_Handler                          0x0800024d   Thumb Code     2  startup_stm32f10x_md.o(.text)
    ADC1_2_IRQHandler                        0x0800024f   Thumb Code     0  startup_stm32f10x_md.o(.text)
    CAN1_SCE_IRQHandler                      0x0800024f   Thumb Code     0  startup_stm32f10x_md.o(.text)
    FLASH_IRQHandler                         0x0800024f   Thumb Code     0  startup_stm32f10x_md.o(.text)
    I2C1_ER_IRQHandler                       0x0800024f   Thumb Code     0  startup_stm32f10x_md.o(.text)
    I2C1_EV_IRQHandler                       0x0800024f   Thumb Code     0  startup_stm32f10x_md.o(.text)
    I2C2_ER_IRQHandler                       0x0800024f   Thumb Code     0  startup_stm32f10x_md.o(.text)
    I2C2_EV_IRQHandler                       0x0800024f   Thumb Code     0  startup_stm32f10x_md.o(.text)
    RCC_IRQHandler                           0x0800024f   Thumb Code     0  startup_stm32f10x_md.o(.text)
    RTCAlarm_IRQHandler                      0x0800024f   Thumb Code     0  startup_stm32f10x_md.o(.text)
    RTC_IRQHandler                           0x0800024f   Thumb Code     0  startup_stm32f10x_md.o(.text)
    SPI1_IRQHandler                          0x0800024f   Thumb Code     0  startup_stm32f10x_md.o(.text)
    SPI2_IRQHandler                          0x0800024f   Thumb Code     0  startup_stm32f10x_md.o(.text)
    TAMPER_IRQHandler                        0x0800024f   Thumb Code     0  startup_stm32f10x_md.o(.text)
    TIM1_BRK_IRQHandler                      0x0800024f   Thumb Code     0  startup_stm32f10x_md.o(.text)
    TIM1_CC_IRQHandler                       0x0800024f   Thumb Code     0  startup_stm32f10x_md.o(.text)
    TIM1_TRG_COM_IRQHandler                  0x0800024f   Thumb Code     0  startup_stm32f10x_md.o(.text)
    USBWakeUp_IRQHandler                     0x0800024f   Thumb Code     0  startup_stm32f10x_md.o(.text)
    USB_HP_CAN1_TX_IRQHandler                0x0800024f   Thumb Code     0  startup_stm32f10x_md.o(.text)
    WWDG_IRQHandler                          0x0800024f   Thumb Code     0  startup_stm32f10x_md.o(.text)
    __user_initial_stackheap                 0x08000251   Thumb Code     0  startup_stm32f10x_md.o(.text)
    __use_no_semihosting                     0x08000275   Thumb Code     2  use_no_semi_2.o(.text)
    vsnprintf                                0x08000279   Thumb Code    48  vsnprintf.o(.text)
    strlen                                   0x080002ad   Thumb Code    62  strlen.o(.text)
    __use_two_region_memory                  0x080002eb   Thumb Code     2  heapauxi.o(.text)
    __rt_heap_escrow$2region                 0x080002ed   Thumb Code     2  heapauxi.o(.text)
    __rt_heap_expand$2region                 0x080002ef   Thumb Code     2  heapauxi.o(.text)
    __I$use$semihosting                      0x080002f1   Thumb Code     0  use_no_semi.o(.text)
    __use_no_semihosting_swi                 0x080002f1   Thumb Code     2  use_no_semi.o(.text)
    _printf_pre_padding                      0x080002f3   Thumb Code    44  _printf_pad.o(.text)
    _printf_post_padding                     0x0800031f   Thumb Code    34  _printf_pad.o(.text)
    _printf_truncate_signed                  0x08000341   Thumb Code    18  _printf_truncate.o(.text)
    _printf_truncate_unsigned                0x08000353   Thumb Code    18  _printf_truncate.o(.text)
    _printf_str                              0x08000365   Thumb Code    82  _printf_str.o(.text)
    _printf_int_dec                          0x080003b9   Thumb Code   104  _printf_dec.o(.text)
    _printf_charcount                        0x08000431   Thumb Code    40  _printf_charcount.o(.text)
    _printf_char_common                      0x08000463   Thumb Code    32  _printf_char_common.o(.text)
    _sputc                                   0x08000489   Thumb Code    10  _sputc.o(.text)
    _snputc                                  0x08000493   Thumb Code    16  _snputc.o(.text)
    _printf_wctomb                           0x080004a5   Thumb Code   182  _printf_wctomb.o(.text)
    _printf_longlong_dec                     0x08000561   Thumb Code   108  _printf_longlong_dec.o(.text)
    _printf_longlong_oct                     0x080005dd   Thumb Code    66  _printf_oct_int_ll.o(.text)
    _printf_int_oct                          0x0800061f   Thumb Code    24  _printf_oct_int_ll.o(.text)
    _printf_ll_oct                           0x08000637   Thumb Code    12  _printf_oct_int_ll.o(.text)
    _printf_longlong_hex                     0x0800064d   Thumb Code    86  _printf_hex_int_ll_ptr.o(.text)
    _printf_int_hex                          0x080006a3   Thumb Code    28  _printf_hex_int_ll_ptr.o(.text)
    _printf_ll_hex                           0x080006bf   Thumb Code    12  _printf_hex_int_ll_ptr.o(.text)
    _printf_hex_ptr                          0x080006cb   Thumb Code    18  _printf_hex_int_ll_ptr.o(.text)
    __printf                                 0x080006e1   Thumb Code   388  __printf_flags_ss_wp.o(.text)
    _ll_udiv10                               0x08000869   Thumb Code   138  lludiv10.o(.text)
    _printf_int_common                       0x080008f3   Thumb Code   178  _printf_intcommon.o(.text)
    __lib_sel_fp_printf                      0x080009a5   Thumb Code     2  _printf_fp_dec.o(.text)
    _printf_fp_dec_real                      0x08000b57   Thumb Code   620  _printf_fp_dec.o(.text)
    _printf_fp_hex_real                      0x08000dc5   Thumb Code   756  _printf_fp_hex.o(.text)
    _printf_cs_common                        0x080010c1   Thumb Code    20  _printf_char.o(.text)
    _printf_char                             0x080010d5   Thumb Code    16  _printf_char.o(.text)
    _printf_string                           0x080010e5   Thumb Code     8  _printf_char.o(.text)
    _printf_lcs_common                       0x080010ed   Thumb Code    20  _printf_wchar.o(.text)
    _printf_wchar                            0x08001101   Thumb Code    16  _printf_wchar.o(.text)
    _printf_wstring                          0x08001111   Thumb Code     8  _printf_wchar.o(.text)
    _wcrtomb                                 0x08001119   Thumb Code    64  _wcrtomb.o(.text)
    __user_setup_stackheap                   0x08001159   Thumb Code    74  sys_stackheap_outer.o(.text)
    __rt_ctype_table                         0x080011a5   Thumb Code    16  rt_ctype_table.o(.text)
    __rt_locale                              0x080011b5   Thumb Code     8  rt_locale_intlibspace.o(.text)
    _printf_fp_infnan                        0x080011bd   Thumb Code   112  _printf_fp_infnan.o(.text)
    _btod_etento                             0x0800123d   Thumb Code   224  bigflt0.o(.text)
    exit                                     0x08001321   Thumb Code    18  exit.o(.text)
    __user_libspace                          0x08001335   Thumb Code     8  libspace.o(.text)
    __user_perproc_libspace                  0x08001335   Thumb Code     0  libspace.o(.text)
    __user_perthread_libspace                0x08001335   Thumb Code     0  libspace.o(.text)
    strcmp                                   0x0800133d   Thumb Code   128  strcmpv7m.o(.text)
    _btod_d2e                                0x080013bd   Thumb Code    62  btod.o(CL$$btod_d2e)
    _d2e_denorm_low                          0x080013fb   Thumb Code    70  btod.o(CL$$btod_d2e_denorm_low)
    _d2e_norm_op1                            0x08001441   Thumb Code    96  btod.o(CL$$btod_d2e_norm_op1)
    __btod_div_common                        0x080014a1   Thumb Code   696  btod.o(CL$$btod_div_common)
    _e2e                                     0x080017d9   Thumb Code   220  btod.o(CL$$btod_e2e)
    _btod_ediv                               0x080018b5   Thumb Code    42  btod.o(CL$$btod_ediv)
    _btod_emul                               0x080018df   Thumb Code    42  btod.o(CL$$btod_emul)
    __btod_mult_common                       0x08001909   Thumb Code   580  btod.o(CL$$btod_mult_common)
    BusFault_Handler                         0x08001b4d   Thumb Code     2  stm32f10x_it.o(i.BusFault_Handler)
    CAN1_RX1_IRQHandler                      0x08001b51   Thumb Code     6  stm32f10x_it.o(i.CAN1_RX1_IRQHandler)
    DMA1_Channel1_IRQHandler                 0x08001b5d   Thumb Code     6  stm32f10x_it.o(i.DMA1_Channel1_IRQHandler)
    DMA1_Channel2_IRQHandler                 0x08001b69   Thumb Code    40  usart3.o(i.DMA1_Channel2_IRQHandler)
    DMA1_Channel3_IRQHandler                 0x08001b95   Thumb Code    62  usart3.o(i.DMA1_Channel3_IRQHandler)
    DMA1_Channel4_IRQHandler                 0x08001bdd   Thumb Code    40  usart1.o(i.DMA1_Channel4_IRQHandler)
    DMA1_Channel5_IRQHandler                 0x08001c09   Thumb Code    62  usart1.o(i.DMA1_Channel5_IRQHandler)
    DMA1_Channel6_IRQHandler                 0x08001c51   Thumb Code    62  usart2.o(i.DMA1_Channel6_IRQHandler)
    DMA1_Channel7_IRQHandler                 0x08001c99   Thumb Code    40  usart2.o(i.DMA1_Channel7_IRQHandler)
    DMA_ClearFlag                            0x08001cc5   Thumb Code    16  stm32f10x_dma.o(i.DMA_ClearFlag)
    DMA_Cmd                                  0x08001cdd   Thumb Code    22  stm32f10x_dma.o(i.DMA_Cmd)
    DMA_DeInit                               0x08001cf5   Thumb Code   218  stm32f10x_dma.o(i.DMA_DeInit)
    DMA_GetCurrDataCounter                   0x08001dd9   Thumb Code     6  stm32f10x_dma.o(i.DMA_GetCurrDataCounter)
    DMA_GetITStatus                          0x08001de1   Thumb Code    24  stm32f10x_dma.o(i.DMA_GetITStatus)
    DMA_ITConfig                             0x08001e01   Thumb Code    16  stm32f10x_dma.o(i.DMA_ITConfig)
    DMA_Init                                 0x08001e11   Thumb Code    58  stm32f10x_dma.o(i.DMA_Init)
    DMA_USART1_Init                          0x08001e4d   Thumb Code   280  usart1.o(i.DMA_USART1_Init)
    DMA_USART1_Tx_Data                       0x08001f71   Thumb Code    22  usart1.o(i.DMA_USART1_Tx_Data)
    DMA_USART2_Init                          0x08001f8d   Thumb Code   270  usart2.o(i.DMA_USART2_Init)
    DMA_USART2_Tx_Data                       0x080020a9   Thumb Code    22  usart2.o(i.DMA_USART2_Tx_Data)
    DMA_USART3_Init                          0x080020c5   Thumb Code   270  usart3.o(i.DMA_USART3_Init)
    DMA_USART3_Tx_Data                       0x080021e1   Thumb Code    22  usart3.o(i.DMA_USART3_Tx_Data)
    DebugMon_Handler                         0x080021fd   Thumb Code     2  stm32f10x_it.o(i.DebugMon_Handler)
    EXTI0_IRQHandler                         0x08002201   Thumb Code     6  stm32f10x_it.o(i.EXTI0_IRQHandler)
    EXTI15_10_IRQHandler                     0x0800220d   Thumb Code     6  stm32f10x_it.o(i.EXTI15_10_IRQHandler)
    EXTI1_IRQHandler                         0x08002219   Thumb Code     6  stm32f10x_it.o(i.EXTI1_IRQHandler)
    EXTI2_IRQHandler                         0x08002225   Thumb Code     6  stm32f10x_it.o(i.EXTI2_IRQHandler)
    EXTI3_IRQHandler                         0x08002231   Thumb Code     6  stm32f10x_it.o(i.EXTI3_IRQHandler)
    EXTI4_IRQHandler                         0x0800223d   Thumb Code     6  stm32f10x_it.o(i.EXTI4_IRQHandler)
    EXTI9_5_IRQHandler                       0x08002249   Thumb Code     6  stm32f10x_it.o(i.EXTI9_5_IRQHandler)
    GPIO_Init                                0x08002255   Thumb Code   156  stm32f10x_gpio.o(i.GPIO_Init)
    HardFault_Handler                        0x080022f1   Thumb Code     2  stm32f10x_it.o(i.HardFault_Handler)
    MemManage_Handler                        0x080022f3   Thumb Code     2  stm32f10x_it.o(i.MemManage_Handler)
    NMI_Handler                              0x080022f5   Thumb Code     2  stm32f10x_it.o(i.NMI_Handler)
    NVIC_Init                                0x080022f9   Thumb Code    94  misc.o(i.NVIC_Init)
    NVIC_PriorityGroupConfig                 0x0800235d   Thumb Code    10  misc.o(i.NVIC_PriorityGroupConfig)
    PVD_IRQHandler                           0x08002371   Thumb Code     6  stm32f10x_it.o(i.PVD_IRQHandler)
    PendSV_Handler                           0x0800237d   Thumb Code     2  stm32f10x_it.o(i.PendSV_Handler)
    RCC_AHBPeriphClockCmd                    0x08002381   Thumb Code    18  stm32f10x_rcc.o(i.RCC_AHBPeriphClockCmd)
    RCC_APB1PeriphClockCmd                   0x08002399   Thumb Code    18  stm32f10x_rcc.o(i.RCC_APB1PeriphClockCmd)
    RCC_APB2PeriphClockCmd                   0x080023b1   Thumb Code    18  stm32f10x_rcc.o(i.RCC_APB2PeriphClockCmd)
    RCC_GetClocksFreq                        0x080023c9   Thumb Code   132  stm32f10x_rcc.o(i.RCC_GetClocksFreq)
    SVC_Handler                              0x0800245d   Thumb Code     2  stm32f10x_it.o(i.SVC_Handler)
    SystemInit                               0x08002509   Thumb Code    64  system_stm32f10x.o(i.SystemInit)
    TIM1_UP_IRQHandler                       0x08002559   Thumb Code     6  stm32f10x_it.o(i.TIM1_UP_IRQHandler)
    TIM2_IRQHandler                          0x08002565   Thumb Code     6  stm32f10x_it.o(i.TIM2_IRQHandler)
    TIM3_IRQHandler                          0x08002571   Thumb Code     6  stm32f10x_it.o(i.TIM3_IRQHandler)
    TIM4_IRQHandler                          0x0800257d   Thumb Code     6  stm32f10x_it.o(i.TIM4_IRQHandler)
    USART1_DMA_CLR_BUFF                      0x08002589   Thumb Code    14  usart1.o(i.USART1_DMA_CLR_BUFF)
    USART1_IRQHandler                        0x08002599   Thumb Code     6  stm32f10x_it.o(i.USART1_IRQHandler)
    USART1_IRQHandler_Callback_Default       0x080025a5   Thumb Code   120  usart1.o(i.USART1_IRQHandler_Callback_Default)
    USART1_Init                              0x08002625   Thumb Code   216  usart1.o(i.USART1_Init)
    USART1_printf                            0x08002721   Thumb Code    46  usart1.o(i.USART1_printf)
    USART2_DMA_CLR_BUFF                      0x08002759   Thumb Code    14  usart2.o(i.USART2_DMA_CLR_BUFF)
    USART2_IRQHandler                        0x08002769   Thumb Code     6  stm32f10x_it.o(i.USART2_IRQHandler)
    USART2_IRQHandler_Callback_Default       0x08002775   Thumb Code   120  usart2.o(i.USART2_IRQHandler_Callback_Default)
    USART2_Init                              0x080027f5   Thumb Code   216  usart2.o(i.USART2_Init)
    USART2_printf                            0x080028f1   Thumb Code    44  usart2.o(i.USART2_printf)
    USART3_DMA_CLR_BUFF                      0x08002925   Thumb Code    14  usart3.o(i.USART3_DMA_CLR_BUFF)
    USART3_IRQHandler                        0x08002935   Thumb Code     6  stm32f10x_it.o(i.USART3_IRQHandler)
    USART3_IRQHandler_Callback_Default       0x08002941   Thumb Code   120  usart3.o(i.USART3_IRQHandler_Callback_Default)
    USART3_Init                              0x080029c1   Thumb Code   216  usart3.o(i.USART3_Init)
    USART3_printf                            0x08002abd   Thumb Code    44  usart3.o(i.USART3_printf)
    USART_ClearFlag                          0x08002af1   Thumb Code     6  stm32f10x_usart.o(i.USART_ClearFlag)
    USART_Cmd                                0x08002af7   Thumb Code    20  stm32f10x_usart.o(i.USART_Cmd)
    USART_DMACmd                             0x08002b0b   Thumb Code    16  stm32f10x_usart.o(i.USART_DMACmd)
    USART_GetFlagStatus                      0x08002b1b   Thumb Code    14  stm32f10x_usart.o(i.USART_GetFlagStatus)
    USART_GetITStatus                        0x08002b29   Thumb Code    62  stm32f10x_usart.o(i.USART_GetITStatus)
    USART_ITConfig                           0x08002b67   Thumb Code    48  stm32f10x_usart.o(i.USART_ITConfig)
    USART_Init                               0x08002b99   Thumb Code   166  stm32f10x_usart.o(i.USART_Init)
    USART_ReceiveData                        0x08002c45   Thumb Code     8  stm32f10x_usart.o(i.USART_ReceiveData)
    USB_LP_CAN1_RX0_IRQHandler               0x08002c4d   Thumb Code     6  stm32f10x_it.o(i.USB_LP_CAN1_RX0_IRQHandler)
    UsageFault_Handler                       0x08002c59   Thumb Code     2  stm32f10x_it.o(i.UsageFault_Handler)
    __ARM_fpclassify                         0x08002c5b   Thumb Code    40  fpclassify.o(i.__ARM_fpclassify)
    _is_digit                                0x08002c83   Thumb Code    14  __printf_wp.o(i._is_digit)
    _sys_exit                                0x08002c91   Thumb Code     2  sys.o(i._sys_exit)
    main                                     0x08002c95   Thumb Code    94  no_system_main.o(i.main)
    _get_lc_numeric                          0x08002d55   Thumb Code    44  lc_numeric_c.o(locale$$code)
    _get_lc_ctype                            0x08002d81   Thumb Code    44  lc_ctype_c.o(locale$$code)
    _printf_fp_dec                           0x08002dad   Thumb Code     4  printf1.o(x$fpl$printf1)
    _printf_fp_hex                           0x08002db1   Thumb Code     4  printf2.o(x$fpl$printf2)
    __I$use$fp                               0x08002db4   Number         0  usenofp.o(x$fpl$usenofp)
    Region$$Table$$Base                      0x08002eb0   Number         0  anon$$obj.o(Region$$Table)
    Region$$Table$$Limit                     0x08002ed0   Number         0  anon$$obj.o(Region$$Table)
    __ctype                                  0x08002ef9   Data           0  lc_ctype_c.o(locale$$data)
    USART1_IRQHandler_Callback               0x20000000   Data           4  stm32f10x_it.o(.data)
    USART2_IRQHandler_Callback               0x20000004   Data           4  stm32f10x_it.o(.data)
    USART3_IRQHandler_Callback               0x20000008   Data           4  stm32f10x_it.o(.data)
    DMA1_Channel1_IRQHandler_Callback        0x2000000c   Data           4  stm32f10x_it.o(.data)
    TIM1_UP_IRQHandler_Callback              0x20000010   Data           4  stm32f10x_it.o(.data)
    TIM2_IRQHandler_Callback                 0x20000014   Data           4  stm32f10x_it.o(.data)
    TIM3_IRQHandler_Callback                 0x20000018   Data           4  stm32f10x_it.o(.data)
    TIM4_IRQHandler_Callback                 0x2000001c   Data           4  stm32f10x_it.o(.data)
    EXTI0_IRQHandler_Callback                0x20000020   Data           4  stm32f10x_it.o(.data)
    EXTI1_IRQHandler_Callback                0x20000024   Data           4  stm32f10x_it.o(.data)
    EXTI2_IRQHandler_Callback                0x20000028   Data           4  stm32f10x_it.o(.data)
    EXTI3_IRQHandler_Callback                0x2000002c   Data           4  stm32f10x_it.o(.data)
    EXTI9_5_IRQHandler_Callback              0x20000030   Data           4  stm32f10x_it.o(.data)
    EXTI15_10_IRQHandler_Callback            0x20000034   Data           4  stm32f10x_it.o(.data)
    PVD_IRQHandler_Callback                  0x20000038   Data           4  stm32f10x_it.o(.data)
    USB_LP_CAN1_RX0_IRQHandler_Callback      0x2000003c   Data           4  stm32f10x_it.o(.data)
    CAN1_RX1_IRQHandler_Callback             0x20000040   Data           4  stm32f10x_it.o(.data)
    USART1_RX_STA                            0x20000044   Data           2  usart1.o(.data)
    USART1_DMA_InitStructure                 0x20000046   Data          51  usart1.o(.data)
    USART2_RX_STA                            0x2000007a   Data           2  usart2.o(.data)
    USART2_DMA_InitStructure                 0x2000007c   Data          51  usart2.o(.data)
    USART3_RX_STA                            0x200000b0   Data           2  usart3.o(.data)
    USART3_DMA_InitStructure                 0x200000b2   Data          51  usart3.o(.data)
    USART1_TX_BUF                            0x200000fc   Data         500  usart1.o(.bss)
    USART1_RX_BUF                            0x200002f0   Data         200  usart1.o(.bss)
    DMA_USART1_InitStructure                 0x200003b8   Data          44  usart1.o(.bss)
    USART2_TX_BUF                            0x200003e4   Data         100  usart2.o(.bss)
    USART2_RX_BUF                            0x20000448   Data         100  usart2.o(.bss)
    DMA_USART2_InitStructure                 0x200004ac   Data          44  usart2.o(.bss)
    USART3_TX_BUF                            0x200004d8   Data         100  usart3.o(.bss)
    USART3_RX_BUF                            0x2000053c   Data         100  usart3.o(.bss)
    DMA_USART3_InitStructure                 0x200005a0   Data          44  usart3.o(.bss)
    __libspace_start                         0x200005cc   Data          96  libspace.o(.bss)
    __temporary_stack_top$libspace           0x2000062c   Data           0  libspace.o(.bss)



==============================================================================

Memory Map of the image

  Image Entry point : 0x08000235

  Load Region LR_1 (Base: 0x08000000, Size: 0x000030f8, Max: 0xffffffff, ABSOLUTE)

    Execution Region ER_RO (Exec base: 0x08000000, Load base: 0x08000000, Size: 0x00002ffc, Max: 0xffffffff, ABSOLUTE)

    Exec Addr    Load Addr    Size         Type   Attr      Idx    E Section Name        Object

    0x08000000   0x08000000   0x000000ec   Data   RO          636    RESET               startup_stm32f10x_md.o
    0x080000ec   0x080000ec   0x00000008   Code   RO         1681  * !!!main             c_w.l(__main.o)
    0x080000f4   0x080000f4   0x00000034   Code   RO         2004    !!!scatter          c_w.l(__scatter.o)
    0x08000128   0x08000128   0x0000001a   Code   RO         2006    !!handler_copy      c_w.l(__scatter_copy.o)
    0x08000142   0x08000142   0x00000002   PAD
    0x08000144   0x08000144   0x0000001c   Code   RO         2008    !!handler_zi        c_w.l(__scatter_zi.o)
    0x08000160   0x08000160   0x00000000   Code   RO         1769    .ARM.Collect$$_printf_percent$$00000000  c_w.l(_printf_percent.o)
    0x08000160   0x08000160   0x00000006   Code   RO         1758    .ARM.Collect$$_printf_percent$$00000001  c_w.l(_printf_n.o)
    0x08000166   0x08000166   0x00000006   Code   RO         1760    .ARM.Collect$$_printf_percent$$00000002  c_w.l(_printf_p.o)
    0x0800016c   0x0800016c   0x00000006   Code   RO         1765    .ARM.Collect$$_printf_percent$$00000003  c_w.l(_printf_f.o)
    0x08000172   0x08000172   0x00000006   Code   RO         1766    .ARM.Collect$$_printf_percent$$00000004  c_w.l(_printf_e.o)
    0x08000178   0x08000178   0x00000006   Code   RO         1767    .ARM.Collect$$_printf_percent$$00000005  c_w.l(_printf_g.o)
    0x0800017e   0x0800017e   0x00000006   Code   RO         1768    .ARM.Collect$$_printf_percent$$00000006  c_w.l(_printf_a.o)
    0x08000184   0x08000184   0x0000000a   Code   RO         1773    .ARM.Collect$$_printf_percent$$00000007  c_w.l(_printf_ll.o)
    0x0800018e   0x0800018e   0x00000006   Code   RO         1762    .ARM.Collect$$_printf_percent$$00000008  c_w.l(_printf_i.o)
    0x08000194   0x08000194   0x00000006   Code   RO         1763    .ARM.Collect$$_printf_percent$$00000009  c_w.l(_printf_d.o)
    0x0800019a   0x0800019a   0x00000006   Code   RO         1764    .ARM.Collect$$_printf_percent$$0000000A  c_w.l(_printf_u.o)
    0x080001a0   0x080001a0   0x00000006   Code   RO         1761    .ARM.Collect$$_printf_percent$$0000000B  c_w.l(_printf_o.o)
    0x080001a6   0x080001a6   0x00000006   Code   RO         1759    .ARM.Collect$$_printf_percent$$0000000C  c_w.l(_printf_x.o)
    0x080001ac   0x080001ac   0x00000006   Code   RO         1770    .ARM.Collect$$_printf_percent$$0000000D  c_w.l(_printf_lli.o)
    0x080001b2   0x080001b2   0x00000006   Code   RO         1771    .ARM.Collect$$_printf_percent$$0000000E  c_w.l(_printf_lld.o)
    0x080001b8   0x080001b8   0x00000006   Code   RO         1772    .ARM.Collect$$_printf_percent$$0000000F  c_w.l(_printf_llu.o)
    0x080001be   0x080001be   0x00000006   Code   RO         1777    .ARM.Collect$$_printf_percent$$00000010  c_w.l(_printf_llo.o)
    0x080001c4   0x080001c4   0x00000006   Code   RO         1778    .ARM.Collect$$_printf_percent$$00000011  c_w.l(_printf_llx.o)
    0x080001ca   0x080001ca   0x0000000a   Code   RO         1774    .ARM.Collect$$_printf_percent$$00000012  c_w.l(_printf_l.o)
    0x080001d4   0x080001d4   0x00000006   Code   RO         1756    .ARM.Collect$$_printf_percent$$00000013  c_w.l(_printf_c.o)
    0x080001da   0x080001da   0x00000006   Code   RO         1757    .ARM.Collect$$_printf_percent$$00000014  c_w.l(_printf_s.o)
    0x080001e0   0x080001e0   0x00000006   Code   RO         1775    .ARM.Collect$$_printf_percent$$00000015  c_w.l(_printf_lc.o)
    0x080001e6   0x080001e6   0x00000006   Code   RO         1776    .ARM.Collect$$_printf_percent$$00000016  c_w.l(_printf_ls.o)
    0x080001ec   0x080001ec   0x00000004   Code   RO         1819    .ARM.Collect$$_printf_percent$$00000017  c_w.l(_printf_percent_end.o)
    0x080001f0   0x080001f0   0x00000002   Code   RO         1868    .ARM.Collect$$libinit$$00000000  c_w.l(libinit.o)
    0x080001f2   0x080001f2   0x00000000   Code   RO         1885    .ARM.Collect$$libinit$$00000002  c_w.l(libinit2.o)
    0x080001f2   0x080001f2   0x00000000   Code   RO         1887    .ARM.Collect$$libinit$$00000004  c_w.l(libinit2.o)
    0x080001f2   0x080001f2   0x00000000   Code   RO         1890    .ARM.Collect$$libinit$$0000000A  c_w.l(libinit2.o)
    0x080001f2   0x080001f2   0x00000000   Code   RO         1892    .ARM.Collect$$libinit$$0000000C  c_w.l(libinit2.o)
    0x080001f2   0x080001f2   0x00000000   Code   RO         1894    .ARM.Collect$$libinit$$0000000E  c_w.l(libinit2.o)
    0x080001f2   0x080001f2   0x00000006   Code   RO         1895    .ARM.Collect$$libinit$$0000000F  c_w.l(libinit2.o)
    0x080001f8   0x080001f8   0x00000000   Code   RO         1897    .ARM.Collect$$libinit$$00000011  c_w.l(libinit2.o)
    0x080001f8   0x080001f8   0x0000000c   Code   RO         1898    .ARM.Collect$$libinit$$00000012  c_w.l(libinit2.o)
    0x08000204   0x08000204   0x00000000   Code   RO         1899    .ARM.Collect$$libinit$$00000013  c_w.l(libinit2.o)
    0x08000204   0x08000204   0x00000000   Code   RO         1901    .ARM.Collect$$libinit$$00000015  c_w.l(libinit2.o)
    0x08000204   0x08000204   0x0000000a   Code   RO         1902    .ARM.Collect$$libinit$$00000016  c_w.l(libinit2.o)
    0x0800020e   0x0800020e   0x00000000   Code   RO         1903    .ARM.Collect$$libinit$$00000017  c_w.l(libinit2.o)
    0x0800020e   0x0800020e   0x00000000   Code   RO         1905    .ARM.Collect$$libinit$$00000019  c_w.l(libinit2.o)
    0x0800020e   0x0800020e   0x00000000   Code   RO         1907    .ARM.Collect$$libinit$$0000001B  c_w.l(libinit2.o)
    0x0800020e   0x0800020e   0x00000000   Code   RO         1909    .ARM.Collect$$libinit$$0000001D  c_w.l(libinit2.o)
    0x0800020e   0x0800020e   0x00000000   Code   RO         1911    .ARM.Collect$$libinit$$0000001F  c_w.l(libinit2.o)
    0x0800020e   0x0800020e   0x00000000   Code   RO         1913    .ARM.Collect$$libinit$$00000021  c_w.l(libinit2.o)
    0x0800020e   0x0800020e   0x00000000   Code   RO         1915    .ARM.Collect$$libinit$$00000023  c_w.l(libinit2.o)
    0x0800020e   0x0800020e   0x00000000   Code   RO         1917    .ARM.Collect$$libinit$$00000025  c_w.l(libinit2.o)
    0x0800020e   0x0800020e   0x00000000   Code   RO         1921    .ARM.Collect$$libinit$$0000002C  c_w.l(libinit2.o)
    0x0800020e   0x0800020e   0x00000000   Code   RO         1923    .ARM.Collect$$libinit$$0000002E  c_w.l(libinit2.o)
    0x0800020e   0x0800020e   0x00000000   Code   RO         1925    .ARM.Collect$$libinit$$00000030  c_w.l(libinit2.o)
    0x0800020e   0x0800020e   0x00000000   Code   RO         1927    .ARM.Collect$$libinit$$00000032  c_w.l(libinit2.o)
    0x0800020e   0x0800020e   0x00000002   Code   RO         1928    .ARM.Collect$$libinit$$00000033  c_w.l(libinit2.o)
    0x08000210   0x08000210   0x00000002   Code   RO         1946    .ARM.Collect$$libshutdown$$00000000  c_w.l(libshutdown.o)
    0x08000212   0x08000212   0x00000000   Code   RO         1956    .ARM.Collect$$libshutdown$$00000002  c_w.l(libshutdown2.o)
    0x08000212   0x08000212   0x00000000   Code   RO         1958    .ARM.Collect$$libshutdown$$00000004  c_w.l(libshutdown2.o)
    0x08000212   0x08000212   0x00000000   Code   RO         1961    .ARM.Collect$$libshutdown$$00000007  c_w.l(libshutdown2.o)
    0x08000212   0x08000212   0x00000000   Code   RO         1964    .ARM.Collect$$libshutdown$$0000000A  c_w.l(libshutdown2.o)
    0x08000212   0x08000212   0x00000000   Code   RO         1966    .ARM.Collect$$libshutdown$$0000000C  c_w.l(libshutdown2.o)
    0x08000212   0x08000212   0x00000000   Code   RO         1969    .ARM.Collect$$libshutdown$$0000000F  c_w.l(libshutdown2.o)
    0x08000212   0x08000212   0x00000002   Code   RO         1970    .ARM.Collect$$libshutdown$$00000010  c_w.l(libshutdown2.o)
    0x08000214   0x08000214   0x00000000   Code   RO         1685    .ARM.Collect$$rtentry$$00000000  c_w.l(__rtentry.o)
    0x08000214   0x08000214   0x00000000   Code   RO         1790    .ARM.Collect$$rtentry$$00000002  c_w.l(__rtentry2.o)
    0x08000214   0x08000214   0x00000006   Code   RO         1802    .ARM.Collect$$rtentry$$00000004  c_w.l(__rtentry4.o)
    0x0800021a   0x0800021a   0x00000000   Code   RO         1792    .ARM.Collect$$rtentry$$00000009  c_w.l(__rtentry2.o)
    0x0800021a   0x0800021a   0x00000004   Code   RO         1793    .ARM.Collect$$rtentry$$0000000A  c_w.l(__rtentry2.o)
    0x0800021e   0x0800021e   0x00000000   Code   RO         1795    .ARM.Collect$$rtentry$$0000000C  c_w.l(__rtentry2.o)
    0x0800021e   0x0800021e   0x00000008   Code   RO         1796    .ARM.Collect$$rtentry$$0000000D  c_w.l(__rtentry2.o)
    0x08000226   0x08000226   0x00000002   Code   RO         1877    .ARM.Collect$$rtexit$$00000000  c_w.l(rtexit.o)
    0x08000228   0x08000228   0x00000000   Code   RO         1930    .ARM.Collect$$rtexit$$00000002  c_w.l(rtexit2.o)
    0x08000228   0x08000228   0x00000004   Code   RO         1931    .ARM.Collect$$rtexit$$00000003  c_w.l(rtexit2.o)
    0x0800022c   0x0800022c   0x00000006   Code   RO         1932    .ARM.Collect$$rtexit$$00000004  c_w.l(rtexit2.o)
    0x08000232   0x08000232   0x00000002   PAD
    0x08000234   0x08000234   0x00000040   Code   RO          637  * .text               startup_stm32f10x_md.o
    0x08000274   0x08000274   0x00000002   Code   RO         1671    .text               c_w.l(use_no_semi_2.o)
    0x08000276   0x08000276   0x00000002   PAD
    0x08000278   0x08000278   0x00000034   Code   RO         1673    .text               c_w.l(vsnprintf.o)
    0x080002ac   0x080002ac   0x0000003e   Code   RO         1675    .text               c_w.l(strlen.o)
    0x080002ea   0x080002ea   0x00000006   Code   RO         1679    .text               c_w.l(heapauxi.o)
    0x080002f0   0x080002f0   0x00000002   Code   RO         1683    .text               c_w.l(use_no_semi.o)
    0x080002f2   0x080002f2   0x0000004e   Code   RO         1688    .text               c_w.l(_printf_pad.o)
    0x08000340   0x08000340   0x00000024   Code   RO         1690    .text               c_w.l(_printf_truncate.o)
    0x08000364   0x08000364   0x00000052   Code   RO         1692    .text               c_w.l(_printf_str.o)
    0x080003b6   0x080003b6   0x00000002   PAD
    0x080003b8   0x080003b8   0x00000078   Code   RO         1694    .text               c_w.l(_printf_dec.o)
    0x08000430   0x08000430   0x00000028   Code   RO         1696    .text               c_w.l(_printf_charcount.o)
    0x08000458   0x08000458   0x00000030   Code   RO         1698    .text               c_w.l(_printf_char_common.o)
    0x08000488   0x08000488   0x0000000a   Code   RO         1700    .text               c_w.l(_sputc.o)
    0x08000492   0x08000492   0x00000010   Code   RO         1702    .text               c_w.l(_snputc.o)
    0x080004a2   0x080004a2   0x00000002   PAD
    0x080004a4   0x080004a4   0x000000bc   Code   RO         1704    .text               c_w.l(_printf_wctomb.o)
    0x08000560   0x08000560   0x0000007c   Code   RO         1707    .text               c_w.l(_printf_longlong_dec.o)
    0x080005dc   0x080005dc   0x00000070   Code   RO         1713    .text               c_w.l(_printf_oct_int_ll.o)
    0x0800064c   0x0800064c   0x00000094   Code   RO         1733    .text               c_w.l(_printf_hex_int_ll_ptr.o)
    0x080006e0   0x080006e0   0x00000188   Code   RO         1753    .text               c_w.l(__printf_flags_ss_wp.o)
    0x08000868   0x08000868   0x0000008a   Code   RO         1804    .text               c_w.l(lludiv10.o)
    0x080008f2   0x080008f2   0x000000b2   Code   RO         1806    .text               c_w.l(_printf_intcommon.o)
    0x080009a4   0x080009a4   0x0000041e   Code   RO         1808    .text               c_w.l(_printf_fp_dec.o)
    0x08000dc2   0x08000dc2   0x00000002   PAD
    0x08000dc4   0x08000dc4   0x000002fc   Code   RO         1810    .text               c_w.l(_printf_fp_hex.o)
    0x080010c0   0x080010c0   0x0000002c   Code   RO         1815    .text               c_w.l(_printf_char.o)
    0x080010ec   0x080010ec   0x0000002c   Code   RO         1817    .text               c_w.l(_printf_wchar.o)
    0x08001118   0x08001118   0x00000040   Code   RO         1820    .text               c_w.l(_wcrtomb.o)
    0x08001158   0x08001158   0x0000004a   Code   RO         1822    .text               c_w.l(sys_stackheap_outer.o)
    0x080011a2   0x080011a2   0x00000002   PAD
    0x080011a4   0x080011a4   0x00000010   Code   RO         1824    .text               c_w.l(rt_ctype_table.o)
    0x080011b4   0x080011b4   0x00000008   Code   RO         1829    .text               c_w.l(rt_locale_intlibspace.o)
    0x080011bc   0x080011bc   0x00000080   Code   RO         1831    .text               c_w.l(_printf_fp_infnan.o)
    0x0800123c   0x0800123c   0x000000e4   Code   RO         1833    .text               c_w.l(bigflt0.o)
    0x08001320   0x08001320   0x00000012   Code   RO         1861    .text               c_w.l(exit.o)
    0x08001332   0x08001332   0x00000002   PAD
    0x08001334   0x08001334   0x00000008   Code   RO         1874    .text               c_w.l(libspace.o)
    0x0800133c   0x0800133c   0x00000080   Code   RO         1882    .text               c_w.l(strcmpv7m.o)
    0x080013bc   0x080013bc   0x0000003e   Code   RO         1836    CL$$btod_d2e        c_w.l(btod.o)
    0x080013fa   0x080013fa   0x00000046   Code   RO         1838    CL$$btod_d2e_denorm_low  c_w.l(btod.o)
    0x08001440   0x08001440   0x00000060   Code   RO         1837    CL$$btod_d2e_norm_op1  c_w.l(btod.o)
    0x080014a0   0x080014a0   0x00000338   Code   RO         1846    CL$$btod_div_common  c_w.l(btod.o)
    0x080017d8   0x080017d8   0x000000dc   Code   RO         1843    CL$$btod_e2e        c_w.l(btod.o)
    0x080018b4   0x080018b4   0x0000002a   Code   RO         1840    CL$$btod_ediv       c_w.l(btod.o)
    0x080018de   0x080018de   0x0000002a   Code   RO         1839    CL$$btod_emul       c_w.l(btod.o)
    0x08001908   0x08001908   0x00000244   Code   RO         1845    CL$$btod_mult_common  c_w.l(btod.o)
    0x08001b4c   0x08001b4c   0x00000002   Code   RO          136    i.BusFault_Handler  stm32f10x_it.o
    0x08001b4e   0x08001b4e   0x00000002   PAD
    0x08001b50   0x08001b50   0x0000000c   Code   RO          137    i.CAN1_RX1_IRQHandler  stm32f10x_it.o
    0x08001b5c   0x08001b5c   0x0000000c   Code   RO          138    i.DMA1_Channel1_IRQHandler  stm32f10x_it.o
    0x08001b68   0x08001b68   0x0000002c   Code   RO          517    i.DMA1_Channel2_IRQHandler  usart3.o
    0x08001b94   0x08001b94   0x00000048   Code   RO          518    i.DMA1_Channel3_IRQHandler  usart3.o
    0x08001bdc   0x08001bdc   0x0000002c   Code   RO          378    i.DMA1_Channel4_IRQHandler  usart1.o
    0x08001c08   0x08001c08   0x00000048   Code   RO          379    i.DMA1_Channel5_IRQHandler  usart1.o
    0x08001c50   0x08001c50   0x00000048   Code   RO          451    i.DMA1_Channel6_IRQHandler  usart2.o
    0x08001c98   0x08001c98   0x0000002c   Code   RO          452    i.DMA1_Channel7_IRQHandler  usart2.o
    0x08001cc4   0x08001cc4   0x00000018   Code   RO          936    i.DMA_ClearFlag     stm32f10x_dma.o
    0x08001cdc   0x08001cdc   0x00000016   Code   RO          938    i.DMA_Cmd           stm32f10x_dma.o
    0x08001cf2   0x08001cf2   0x00000002   PAD
    0x08001cf4   0x08001cf4   0x000000e4   Code   RO          939    i.DMA_DeInit        stm32f10x_dma.o
    0x08001dd8   0x08001dd8   0x00000006   Code   RO          940    i.DMA_GetCurrDataCounter  stm32f10x_dma.o
    0x08001dde   0x08001dde   0x00000002   PAD
    0x08001de0   0x08001de0   0x00000020   Code   RO          942    i.DMA_GetITStatus   stm32f10x_dma.o
    0x08001e00   0x08001e00   0x00000010   Code   RO          943    i.DMA_ITConfig      stm32f10x_dma.o
    0x08001e10   0x08001e10   0x0000003a   Code   RO          944    i.DMA_Init          stm32f10x_dma.o
    0x08001e4a   0x08001e4a   0x00000002   PAD
    0x08001e4c   0x08001e4c   0x00000124   Code   RO          380    i.DMA_USART1_Init   usart1.o
    0x08001f70   0x08001f70   0x0000001c   Code   RO          381    i.DMA_USART1_Tx_Data  usart1.o
    0x08001f8c   0x08001f8c   0x0000011c   Code   RO          453    i.DMA_USART2_Init   usart2.o
    0x080020a8   0x080020a8   0x0000001c   Code   RO          454    i.DMA_USART2_Tx_Data  usart2.o
    0x080020c4   0x080020c4   0x0000011c   Code   RO          519    i.DMA_USART3_Init   usart3.o
    0x080021e0   0x080021e0   0x0000001c   Code   RO          520    i.DMA_USART3_Tx_Data  usart3.o
    0x080021fc   0x080021fc   0x00000002   Code   RO          139    i.DebugMon_Handler  stm32f10x_it.o
    0x080021fe   0x080021fe   0x00000002   PAD
    0x08002200   0x08002200   0x0000000c   Code   RO          140    i.EXTI0_IRQHandler  stm32f10x_it.o
    0x0800220c   0x0800220c   0x0000000c   Code   RO          141    i.EXTI15_10_IRQHandler  stm32f10x_it.o
    0x08002218   0x08002218   0x0000000c   Code   RO          142    i.EXTI1_IRQHandler  stm32f10x_it.o
    0x08002224   0x08002224   0x0000000c   Code   RO          143    i.EXTI2_IRQHandler  stm32f10x_it.o
    0x08002230   0x08002230   0x0000000c   Code   RO          144    i.EXTI3_IRQHandler  stm32f10x_it.o
    0x0800223c   0x0800223c   0x0000000c   Code   RO          145    i.EXTI4_IRQHandler  stm32f10x_it.o
    0x08002248   0x08002248   0x0000000c   Code   RO          146    i.EXTI9_5_IRQHandler  stm32f10x_it.o
    0x08002254   0x08002254   0x0000009c   Code   RO         1017    i.GPIO_Init         stm32f10x_gpio.o
    0x080022f0   0x080022f0   0x00000002   Code   RO          147    i.HardFault_Handler  stm32f10x_it.o
    0x080022f2   0x080022f2   0x00000002   Code   RO          148    i.MemManage_Handler  stm32f10x_it.o
    0x080022f4   0x080022f4   0x00000002   Code   RO          149    i.NMI_Handler       stm32f10x_it.o
    0x080022f6   0x080022f6   0x00000002   PAD
    0x080022f8   0x080022f8   0x00000064   Code   RO          651    i.NVIC_Init         misc.o
    0x0800235c   0x0800235c   0x00000014   Code   RO          652    i.NVIC_PriorityGroupConfig  misc.o
    0x08002370   0x08002370   0x0000000c   Code   RO          150    i.PVD_IRQHandler    stm32f10x_it.o
    0x0800237c   0x0800237c   0x00000002   Code   RO          151    i.PendSV_Handler    stm32f10x_it.o
    0x0800237e   0x0800237e   0x00000002   PAD
    0x08002380   0x08002380   0x00000018   Code   RO         1192    i.RCC_AHBPeriphClockCmd  stm32f10x_rcc.o
    0x08002398   0x08002398   0x00000018   Code   RO         1193    i.RCC_APB1PeriphClockCmd  stm32f10x_rcc.o
    0x080023b0   0x080023b0   0x00000018   Code   RO         1195    i.RCC_APB2PeriphClockCmd  stm32f10x_rcc.o
    0x080023c8   0x080023c8   0x00000094   Code   RO         1203    i.RCC_GetClocksFreq  stm32f10x_rcc.o
    0x0800245c   0x0800245c   0x00000002   Code   RO          152    i.SVC_Handler       stm32f10x_it.o
    0x0800245e   0x0800245e   0x00000002   PAD
    0x08002460   0x08002460   0x000000a8   Code   RO          583    i.SetSysClockTo72   system_stm32f10x.o
    0x08002508   0x08002508   0x00000050   Code   RO          585    i.SystemInit        system_stm32f10x.o
    0x08002558   0x08002558   0x0000000c   Code   RO          153    i.TIM1_UP_IRQHandler  stm32f10x_it.o
    0x08002564   0x08002564   0x0000000c   Code   RO          154    i.TIM2_IRQHandler   stm32f10x_it.o
    0x08002570   0x08002570   0x0000000c   Code   RO          155    i.TIM3_IRQHandler   stm32f10x_it.o
    0x0800257c   0x0800257c   0x0000000c   Code   RO          156    i.TIM4_IRQHandler   stm32f10x_it.o
    0x08002588   0x08002588   0x0000000e   Code   RO          382    i.USART1_DMA_CLR_BUFF  usart1.o
    0x08002596   0x08002596   0x00000002   PAD
    0x08002598   0x08002598   0x0000000c   Code   RO          157    i.USART1_IRQHandler  stm32f10x_it.o
    0x080025a4   0x080025a4   0x00000080   Code   RO          383    i.USART1_IRQHandler_Callback_Default  usart1.o
    0x08002624   0x08002624   0x000000fc   Code   RO          384    i.USART1_Init       usart1.o
    0x08002720   0x08002720   0x00000038   Code   RO          386    i.USART1_printf     usart1.o
    0x08002758   0x08002758   0x0000000e   Code   RO          455    i.USART2_DMA_CLR_BUFF  usart2.o
    0x08002766   0x08002766   0x00000002   PAD
    0x08002768   0x08002768   0x0000000c   Code   RO          158    i.USART2_IRQHandler  stm32f10x_it.o
    0x08002774   0x08002774   0x00000080   Code   RO          456    i.USART2_IRQHandler_Callback_Default  usart2.o
    0x080027f4   0x080027f4   0x000000fc   Code   RO          457    i.USART2_Init       usart2.o
    0x080028f0   0x080028f0   0x00000034   Code   RO          459    i.USART2_printf     usart2.o
    0x08002924   0x08002924   0x0000000e   Code   RO          521    i.USART3_DMA_CLR_BUFF  usart3.o
    0x08002932   0x08002932   0x00000002   PAD
    0x08002934   0x08002934   0x0000000c   Code   RO          159    i.USART3_IRQHandler  stm32f10x_it.o
    0x08002940   0x08002940   0x00000080   Code   RO          522    i.USART3_IRQHandler_Callback_Default  usart3.o
    0x080029c0   0x080029c0   0x000000fc   Code   RO          523    i.USART3_Init       usart3.o
    0x08002abc   0x08002abc   0x00000034   Code   RO          525    i.USART3_printf     usart3.o
    0x08002af0   0x08002af0   0x00000006   Code   RO         1486    i.USART_ClearFlag   stm32f10x_usart.o
    0x08002af6   0x08002af6   0x00000014   Code   RO         1490    i.USART_Cmd         stm32f10x_usart.o
    0x08002b0a   0x08002b0a   0x00000010   Code   RO         1491    i.USART_DMACmd      stm32f10x_usart.o
    0x08002b1a   0x08002b1a   0x0000000e   Code   RO         1493    i.USART_GetFlagStatus  stm32f10x_usart.o
    0x08002b28   0x08002b28   0x0000003e   Code   RO         1494    i.USART_GetITStatus  stm32f10x_usart.o
    0x08002b66   0x08002b66   0x00000030   Code   RO         1496    i.USART_ITConfig    stm32f10x_usart.o
    0x08002b96   0x08002b96   0x00000002   PAD
    0x08002b98   0x08002b98   0x000000ac   Code   RO         1497    i.USART_Init        stm32f10x_usart.o
    0x08002c44   0x08002c44   0x00000008   Code   RO         1504    i.USART_ReceiveData  stm32f10x_usart.o
    0x08002c4c   0x08002c4c   0x0000000c   Code   RO          160    i.USB_LP_CAN1_RX0_IRQHandler  stm32f10x_it.o
    0x08002c58   0x08002c58   0x00000002   Code   RO          161    i.UsageFault_Handler  stm32f10x_it.o
    0x08002c5a   0x08002c5a   0x00000028   Code   RO         1872    i.__ARM_fpclassify  m_ws.l(fpclassify.o)
    0x08002c82   0x08002c82   0x0000000e   Code   RO         1746    i._is_digit         c_w.l(__printf_wp.o)
    0x08002c90   0x08002c90   0x00000002   Code   RO          325    i._sys_exit         sys.o
    0x08002c92   0x08002c92   0x00000002   PAD
    0x08002c94   0x08002c94   0x000000c0   Code   RO            1    i.main              no_system_main.o
    0x08002d54   0x08002d54   0x0000002c   Code   RO         1859    locale$$code        c_w.l(lc_numeric_c.o)
    0x08002d80   0x08002d80   0x0000002c   Code   RO         1880    locale$$code        c_w.l(lc_ctype_c.o)
    0x08002dac   0x08002dac   0x00000004   Code   RO         1781    x$fpl$printf1       fz_ws.l(printf1.o)
    0x08002db0   0x08002db0   0x00000004   Code   RO         1783    x$fpl$printf2       fz_ws.l(printf2.o)
    0x08002db4   0x08002db4   0x00000000   Code   RO         1871    x$fpl$usenofp       fz_ws.l(usenofp.o)
    0x08002db4   0x08002db4   0x00000008   Data   RO         1705    .constdata          c_w.l(_printf_wctomb.o)
    0x08002dbc   0x08002dbc   0x00000028   Data   RO         1734    .constdata          c_w.l(_printf_hex_int_ll_ptr.o)
    0x08002de4   0x08002de4   0x00000011   Data   RO         1754    .constdata          c_w.l(__printf_flags_ss_wp.o)
    0x08002df5   0x08002df5   0x00000026   Data   RO         1811    .constdata          c_w.l(_printf_fp_hex.o)
    0x08002e1b   0x08002e1b   0x00000001   PAD
    0x08002e1c   0x08002e1c   0x00000094   Data   RO         1834    .constdata          c_w.l(bigflt0.o)
    0x08002eb0   0x08002eb0   0x00000020   Data   RO         2002    Region$$Table       anon$$obj.o
    0x08002ed0   0x08002ed0   0x0000001c   Data   RO         1858    locale$$data        c_w.l(lc_numeric_c.o)
    0x08002eec   0x08002eec   0x00000110   Data   RO         1879    locale$$data        c_w.l(lc_ctype_c.o)


    Execution Region ER_RW (Exec base: 0x20000000, Load base: 0x08002ffc, Size: 0x000000fc, Max: 0xffffffff, ABSOLUTE)

    Exec Addr    Load Addr    Size         Type   Attr      Idx    E Section Name        Object

    0x20000000   0x08002ffc   0x00000044   Data   RW          162    .data               stm32f10x_it.o
    0x20000044   0x08003040   0x00000035   Data   RW          388    .data               usart1.o
    0x20000079   0x08003075   0x00000001   PAD
    0x2000007a   0x08003076   0x00000035   Data   RW          461    .data               usart2.o
    0x200000af   0x080030ab   0x00000001   PAD
    0x200000b0   0x080030ac   0x00000035   Data   RW          527    .data               usart3.o
    0x200000e5   0x080030e1   0x00000014   Data   RW         1223    .data               stm32f10x_rcc.o


    Execution Region ER_ZI (Exec base: 0x200000fc, Load base: 0x080030f8, Size: 0x00000b34, Max: 0xffffffff, ABSOLUTE)

    Exec Addr    Load Addr    Size         Type   Attr      Idx    E Section Name        Object

    0x200000fc        -       0x000002e8   Zero   RW          387    .bss                usart1.o
    0x200003e4        -       0x000000f4   Zero   RW          460    .bss                usart2.o
    0x200004d8        -       0x000000f4   Zero   RW          526    .bss                usart3.o
    0x200005cc        -       0x00000060   Zero   RW         1875    .bss                c_w.l(libspace.o)
    0x2000062c   0x080030f8   0x00000004   PAD
    0x20000630        -       0x00000200   Zero   RW          635    HEAP                startup_stm32f10x_md.o
    0x20000830        -       0x00000400   Zero   RW          634    STACK               startup_stm32f10x_md.o


==============================================================================

Image component sizes


      Code (inc. data)   RO Data    RW Data    ZI Data      Debug   Object Name

       120         16          0          0          0       3155   misc.o
       192         98          0          0          0     241331   no_system_main.o
        64         26        236          0       1536        796   startup_stm32f10x_md.o
       386         26          0          0          0      15540   stm32f10x_dma.o
       156          0          0          0          0      10324   stm32f10x_gpio.o
       232        108          0         68          0      12514   stm32f10x_it.o
       220         34          0         20          0      13694   stm32f10x_rcc.o
       346          6          0          0          0      12821   stm32f10x_usart.o
         2          0          0          0          0       1985   sys.o
       248         24          0          0          0       1541   system_stm32f10x.o
       886         86          0         53        744       6714   usart1.o
       874         86          0         53        244       6150   usart2.o
       874         86          0         53        244       6150   usart3.o

    ----------------------------------------------------------------------
      4626        596        268        252       2768     332715   Object Totals
         0          0         32          0          0          0   (incl. Generated)
        26          0          0          5          0          0   (incl. Padding)

    ----------------------------------------------------------------------

      Code (inc. data)   RO Data    RW Data    ZI Data      Debug   Library Member Name

         8          0          0          0          0         68   __main.o
       392          4         17          0          0         92   __printf_flags_ss_wp.o
        14          0          0          0          0         68   __printf_wp.o
         0          0          0          0          0          0   __rtentry.o
        12          0          0          0          0          0   __rtentry2.o
         6          0          0          0          0          0   __rtentry4.o
        52          8          0          0          0          0   __scatter.o
        26          0          0          0          0          0   __scatter_copy.o
        28          0          0          0          0          0   __scatter_zi.o
         6          0          0          0          0          0   _printf_a.o
         6          0          0          0          0          0   _printf_c.o
        44          0          0          0          0        108   _printf_char.o
        48          6          0          0          0         96   _printf_char_common.o
        40          0          0          0          0         68   _printf_charcount.o
         6          0          0          0          0          0   _printf_d.o
       120         16          0          0          0         92   _printf_dec.o
         6          0          0          0          0          0   _printf_e.o
         6          0          0          0          0          0   _printf_f.o
      1054          0          0          0          0        216   _printf_fp_dec.o
       764          8         38          0          0        100   _printf_fp_hex.o
       128         16          0          0          0         84   _printf_fp_infnan.o
         6          0          0          0          0          0   _printf_g.o
       148          4         40          0          0        160   _printf_hex_int_ll_ptr.o
         6          0          0          0          0          0   _printf_i.o
       178          0          0          0          0         88   _printf_intcommon.o
        10          0          0          0          0          0   _printf_l.o
         6          0          0          0          0          0   _printf_lc.o
        10          0          0          0          0          0   _printf_ll.o
         6          0          0          0          0          0   _printf_lld.o
         6          0          0          0          0          0   _printf_lli.o
         6          0          0          0          0          0   _printf_llo.o
         6          0          0          0          0          0   _printf_llu.o
         6          0          0          0          0          0   _printf_llx.o
       124         16          0          0          0         92   _printf_longlong_dec.o
         6          0          0          0          0          0   _printf_ls.o
         6          0          0          0          0          0   _printf_n.o
         6          0          0          0          0          0   _printf_o.o
       112         10          0          0          0        124   _printf_oct_int_ll.o
         6          0          0          0          0          0   _printf_p.o
        78          0          0          0          0        108   _printf_pad.o
         0          0          0          0          0          0   _printf_percent.o
         4          0          0          0          0          0   _printf_percent_end.o
         6          0          0          0          0          0   _printf_s.o
        82          0          0          0          0         80   _printf_str.o
        36          0          0          0          0         84   _printf_truncate.o
         6          0          0          0          0          0   _printf_u.o
        44          0          0          0          0        108   _printf_wchar.o
       188          6          8          0          0         92   _printf_wctomb.o
         6          0          0          0          0          0   _printf_x.o
        16          0          0          0          0         68   _snputc.o
        10          0          0          0          0         68   _sputc.o
        64          0          0          0          0         92   _wcrtomb.o
       228          4        148          0          0         96   bigflt0.o
      1936        128          0          0          0        672   btod.o
        18          0          0          0          0         80   exit.o
         6          0          0          0          0        152   heapauxi.o
        44         10        272          0          0         76   lc_ctype_c.o
        44         10         28          0          0         76   lc_numeric_c.o
         2          0          0          0          0          0   libinit.o
        30          0          0          0          0          0   libinit2.o
         2          0          0          0          0          0   libshutdown.o
         2          0          0          0          0          0   libshutdown2.o
         8          4          0          0         96         68   libspace.o
       138          0          0          0          0         80   lludiv10.o
        16          4          0          0          0         76   rt_ctype_table.o
         8          4          0          0          0         68   rt_locale_intlibspace.o
         2          0          0          0          0          0   rtexit.o
        10          0          0          0          0          0   rtexit2.o
       128          0          0          0          0         68   strcmpv7m.o
        62          0          0          0          0         76   strlen.o
        74          0          0          0          0         80   sys_stackheap_outer.o
         2          0          0          0          0         68   use_no_semi.o
         2          0          0          0          0         68   use_no_semi_2.o
        52          4          0          0          0         80   vsnprintf.o
         4          0          0          0          0         68   printf1.o
         4          0          0          0          0         68   printf2.o
         0          0          0          0          0          0   usenofp.o
        40          0          0          0          0         68   fpclassify.o

    ----------------------------------------------------------------------
      6838        262        552          0        100       4244   Library Totals
        16          0          1          0          4          0   (incl. Padding)

    ----------------------------------------------------------------------

      Code (inc. data)   RO Data    RW Data    ZI Data      Debug   Library Name

      6774        262        551          0         96       4040   c_w.l
         8          0          0          0          0        136   fz_ws.l
        40          0          0          0          0         68   m_ws.l

    ----------------------------------------------------------------------
      6838        262        552          0        100       4244   Library Totals

    ----------------------------------------------------------------------

==============================================================================


      Code (inc. data)   RO Data    RW Data    ZI Data      Debug   

     11464        858        820        252       2868     330923   Grand Totals
     11464        858        820        252       2868     330923   ELF Image Totals
     11464        858        820        252          0          0   ROM Totals

==============================================================================

    Total RO  Size (Code + RO Data)                12284 (  12.00kB)
    Total RW  Size (RW Data + ZI Data)              3120 (   3.05kB)
    Total ROM Size (Code + RO Data + RW Data)      12536 (  12.24kB)

==============================================================================

